[    0.000] Linuversio 4.1.0-5-gneric buildd@lcy1-amd64-013) (gcc version .3 (Ubtu7.3.0-16buntu3))#5-Ubunt SP Mon May 6 18:46:08 UTC 2019 (Ubntu 4.15.0-50.54-generic 4.15.18)
[    0.000000] Command line: BOOT_IMAGE=/boot/vmlinuz-4.15.0-50-generic root=UUID=b107e13a-a447-4cba-8c88-d14fcf8970b0 ro console=tty1 console=ttyS0
[    0.000000] KERNEL supported cpus:
[    0.000000]   Intel GenuineIntel
[    0.000000]   AMD AuthenticAMD
[    0.000000]   Centaur CentaurHauls
[    0.000000] x86/fpu: Supporting XSAVE feature 0x001: 'x87 floating point registers'
[    0.000000] x86/fpu: Supporting XSAVE feature 0x002: 'SSE registers'
[    0.000000] x86/fpu: Supporting XSAVE feature 0x004: 'AVX registers'
[    0.000000] x86/fpu: xstate_offset[2]:  576, xstate_sizes[2]:  256
[    0.000000] x86/fpu: Enabled xstate features 0x7, context size is 832 bytes, using 'standard' format.
[    0.000000] e820: BIOS-provided physical RAM map:
[    0.000000] BIOS-e820: [mem 0x0000000000000000-0x000000000009fbff] usable
[    0.000000] BIOS-e820: [mem 0x000000000009fc00-0x000000000009ffff] reserved
[    0.000000] BIOS-e820: [mem 0x00000000000f0000-0x00000000000fffff] reserved
[    0.000000] BIOS-e820: [mem 0x0000000000100000-0x000000003ffeffff] usable
[    0.000000] BIOS-e820: [mem 0x000000003fff0000-0x000000003fffffff] ACPI data
[    0.000000] BIOS-e820: [mem 0x00000000fec00000-0x00000000fec00fff] reserved
[    0.000000] BIOS-e820: [mem 0x00000000fee00000-0x000000fee00ff] resved
[  0.000] BIOSe80: [me 0000000ffc00-x0000000fffffff] rseved    0.000] NX (xete Disable) prectionacive    00000]SMBIOS 2.5 resent.
[    0.000000] DMI: innotek GmbH VirtualBox/VirtualBox, BIOS VirtualBox 12/01/2006
[    0.000000] Hypervisor detected: KVM
[    0.000000] e820: last_pfn = 0x3fff0 max_arch_pfn = 0x400000000
[    0.000000] MTRR: Disabled
[    0.000000] x86/PAT: MTRRs disabled, skipping PAT initialization too.
[    0.000000] CPU MTRRs all blank - virtualized system.
[    0.000000] x86/PAT: Configuration [0-7]: WB  WT  UC- UC  WB  WT  UC- UC  
[    0.000000] found SMP MP-table at [mem 0x0009fff0-0x0009ffff] mapped at [        (ptrval)]
[    0.000000] Scanning 1 areas for low memory corruption
[    0.000000] RAMDISK: [mem 0x359d3000-0x36ce0fff]
[    0.000000] ACPI: Early table checksum verification disabled
[    0.000000] ACPI: RSDP 0x00000000000E0000 000024 (v02 VBOX  )
[    0.000000] ACPI: XSDT 0x000000003FFF0030 00003C (v01 VBOX   VBOXXSDT 00000001 ASL  00000061)
[    0.000000] ACPI: FACP 0x000000003FFF00F0 0000F4 (v04 VBOX   VBOXFACP 00000001 ASL  00000061)
[    0.000000] ACPI: DSDT 0x000000003FFF0470 0021FF (v02 VBOX   VBOXBIOS 00000002 INTL 20100528)
[    0.000000] ACPI: FACS 0x000000003FFF0200 000040
[    0.000000] ACPI: FACS 0x000000003FFF0200 000040
[    0.000000] ACPI: APIC 0x000000003FFF0240 00005C (v02 VBOX   VBOXAPIC 00000001 ASL  00000061)
[    0.000000] ACPI: SSDT 0x000000003FFF02A0 0001CC (v01 VBOX   VBOXCPUT 00000002 INTL 20100528)
[    0.000000] No NUMA configuration found
[    0.000000] Faking a node at [mem 0x0000000000000000-0x000000fefff][    00000] NODEATA(0) llcated em 0x3ff5000-03ffeff]
[    0.000] k-cock:pu0, msr 0:3f44001 pmary c clok[   .00000] vmclock: singmsrs 4b564d01 d 4b564d00
[    0.000000] kvm-clock: using sched offset of 3792565890 cycles
[    0.000000] clocksource: kvm-clock: mask: 0xffffffffffffffff max_cycles: 0x1cd42e4dffb, max_idle_ns: 881590591483 ns
[    0.000000] Zone ranges:
[    0.000000]   DMA      [mem 0x0000000000001000-0x0000000000ffffff]
[    0.000000]   DMA32    [mem 0x0000000001000000-0x000000003ffeffff]
[    0.000000]   Normal   empty
[    0.000000]   Device   empty
[    0.000000] Movable zone start for each node
[    0.000000] Early memory node ranges
[    0.000000]   node   0: [mem 0x0000000000001000-0x000000000009efff]
[    0.000000]   node   0: [mem 0x0000000000100000-0x000000003ffeffff]
[    0.000000] Reserved but unavailable: 114 pages
[    0.000000] Initmem setup node 0 [mem 0x0000000000001000-0x000000003ffeffff]
[    0.000000] ACCPI: PM-Timer IO Port: 0x08
[  0.0000 IAPIC0]apicid, versio 3, ades 0xf0000, GS0-23[    00000] PI INTRC_OR (s  busrq0 global_irq 2 flfl)[   0.0000] CP INT_SRC_OVR (bus 0 bus_irq 9 global_irq 9 low level)
[     0.000000] Using ACPI (MADT) for SMP configuration information
[    0.000000] smpboot: Allowing 2 CPUs, 0 hotplug CPUs
[    0.000000] PM: Registered nosave memory: [mem 0x00000000-0x00000fff]
[    0.000000] PM: Registered nosave memory: [mem 0x0009f000-0x0009ffff]
[    0.000000] PM: Registered nosave memory: [mem 0x000a0000-0x000effff]
[    0.000000] PM: Registered nosave memory: [mem 0x000f0000-0x000fffff]
[    0.000000] e820: [mem 0x40000000-0xfebfffff] available for PCI devices
[    0.000000] Booting paravirtualizedkernel on KVM
[    0.000000] clocksource: refined-jiffies: mas: 0xfffff x_ycles: 0xfffffffmax_le_n: 76451960211568 ns
[  0.000] ranomget_ndm_bys aledrom start_kne+0x90xfd wit cng_ini0
[    0.00000] stupercu: NR_CPUS:8192 nr_cpumask_bits:2 nr_cpu_ids:2 nr_node_ids:1
[    0.000000] percpu: Embedded 46 pages/cpu @        (ptrval) s151552 r8192 d28672 u1048576
[    0.000000] PV qspinlock hash table entries: 256 (order: 0, 4096 bytes)
[    0.000000] Built 1 zonelists, mobility grouping on.  Total pages: 257913
[    0.000000] Policy zone: DMA32
[    0.000000] Kernel command line: BOOT_IMAGE=/boot/vmlinuz-4.15.0-50-generic root=UUID=b107e13a-a447-4cba-8c88-d14fcf8970b0 ro console=tty1 console=ttyS0
[    0.000000] Memory: 983064K/1048120K available (12300K kernel code, 2474K rwdata, 4276K rodata, 2412K init, 2416K bss, 65056K reserved, 0K cma-reserved)
[    0.000000] SLUB: HWalign=64, Order=0-3, MinObjects=0, CPUs=2, Nodes=1
[    0.000000] Kernel/User page tables isolation: enabled
[    0.000000] ftrace: allocating 39233 entries in 154 pages
[    0.004000] Hierarchical RCU implementation.
[    0.004000] 	RCU restricting CPUs from NR_CPUS=8192 to nr_cpu_ids=2.
[    0.004000] 	Tasks RCU enabled.
[    0.004000] RCU: Adjusting geometry for rcu_fanout_leaf=16, nr_cpu_ids=2
[    0.004000] NR_IRQS: 524544, nr_irqs: 440, preallocated irqs: 16
[    0.004000] Console: colour VGA+ 80x25
[    0.004000] console [tty1] enabled
[    0.004000] console [ttyS0] enabled
[    0.004000] ACPI: Core revision 20170831
[    0.004000] ACPI: 2 ACPI AML tables successfully acquired and loaded
[    0.004000] APIC: Switch to symmetric I/O mode setup
[    0.004000] x2apic enabled
[    0.004000] Switched APIC routing to psial x2apic.
[    0.004830] ..TIMER: vector=0x30 apic1=0 pin1=2 apic2=-1 pin2=-1
[    0.008004] tsc: Detected 2592.000 MHz processor
[    0.012010] Calibrating delay loop (skipped) preset value.. 5184.00 BogoMIPS (lpj=10368000)
[    0.016004] pid_max: default: 32768 minimum: 301
[    0.020034] Security Framework initialized
[    0.024006] Yama: becoming mindful.
[    0.028027] AppArmor: AppArmor initialized
[    0.033404] Dentry cache hash table entries: 131072 (order: 8, 1048576 bytes)
[    0.036117] Inode-cache hash table entries: 65536 (order: 7, 524288 bytes)
[    0.040017] Mount-cache hash table entries: 2048 (order: 2, 16384 bytes)
[    0.041340] Mountpoint-cache hash table entries: 2048 (order: 2, 16384 bytes)
[    0.044178] mce: CPU supports 0 MCE banks
[    0.045025] Last level iTLB entries: 4KB 64, 2MB 8, 4MB 8
[    0.046063] Last level dTLB entries: 4KB 64, 2MB 0, 4MB 0, 1GB 4
[    0.047278] Spectre V2 : Mitigation: Full generic retpoline
[    0.048002] Spectre V2 : Spectre v2 / SpectreRSB mitigation: Filling RSB on context switch
[    0.049704] Speculative Store Bypass: Vulnerable
[    0.050641] MDS: Vulnerable: Clear CPU buffers attempted, no microcode
[    0.052069] Freeing SMP alternatives memory: 36K
[    0.056000] smpboot: CPU0: Intel(R) Core(TM) i7-8850H CPU @ 2.60GHz (family: 0x6, model: 0x9e, stepping: 0xa)
[    0.056073] Performance Events: unsupported p6 CPU model 158 no PMU driver, software events only.
[    0.060048] Hierarchical SRCU implementation.
[    0.064512] NMI watchdog: Perf event create on CPU 0 failed with -2
[    0.068005] NMI watchdog: Perf NMI watchdog permanently disabled
[    0.072061] smp: Bringing up secondary CPUs ...
[    0.076089] x86: Booting SMP configuration:
[    0.080007] .... node  #0, CPUs:      #1
[    0.004000] kvm-clock: cpu 1, msr 0:3ff44041, secondary cpu clock
[    0.004000] mce: CPU supports 0 MCE banks
[    0.092036] smp: Brought up 1 node, 2 CPUs
[    0.093279] smpboot: Max logical packages: 1
[    0.094235] smpboot: Total of 2 processors activated (10368.00 BogoMIPS)
[    0.096040] devtmpfs: initialized
[    0.096769] x86/mm: Memory block size: 128MB
[    0.098078] evm: security.selinux
[    0.098788] evm: security.SMACK64
[    0.099453] evm: security.SMACK64EXEC
[    0.100003] evm: security.SMACK64TRANSMUTE
[    0.100830] evm: security.SMACK64MMAP
[    0.101558] evm: security.apparmor
[    0.102243] evm: security.ima
[    0.102852] evm: security.capability
[    0.104098] clocksource: jiffies: mask: 0xffffffff max_cycles: 0xffffffff, max_idle_ns: 7645041785100000 ns
[    0.108017] futex hash table entries: 512 (order: 3, 32768 bytes)
[    0.109263] pinctrl core: initialized pinctrl subsystem
[    0.112096] RTC time:  6:44:50, date: 05/23/19
[    0.113198] NET: Registered protocol family 16
[    0.114173] audit: initializing netlink subsys (disabled)
[    0.116052] audit: type=2000 audit(1558593889.117:1): state=initialized audit_enabled=0 res=1
[    0.117649] cpuidle: using governor ladder
[    0.117649] cpuidle: using governor menu
[    0.117652] ACPI: bus type PCI registered
[    0.120003] acpiphp: ACPI Hot Plug PCI Controller Driver version: 0.5
[    0.121290] PCI: Using configuration type 1 for base access
[    0.124571] HugeTLB registered 2.00 MiB page size, pre-allocated 0 pages
[    0.128072] ACPI: Added _OSI(Module Device)
[    0.132010] ACPI: Added _OSI(Processor Device)
[    0.136007] ACPI: Added _OSI(3.0 _SCP Extensions)
[    0.140006] ACPI: Added _OSI(Processor Aggregator Device)
[    0.144007] ACPI: Added _OSI(Linux-Dell-Video)
[    0.148007] ACPI: Added _OSI(Linux-Lenovo-NV-HDMI-Audio)
[    0.152007] ACPI: Added _OSI(Linux-HPI-Hybrid-Graphics)
[    0.156397] ACPI: Executed 1 blocks of module-level executable AML code
[    0.164449] ACPI: Interpreter enabled
[    0.168023] ACPI: (supports S0 S5)
[    0.172019] ACPI: Using IOAPIC for interrupt routing
[    0.176213] PCI: Using host bridge windows from ACPI; if necessary, use "pci=nocrs" and report a bug
[    0.178272] ACPI: Enabled 2 GPEs in block 00 to 07
[    0.188459] ACPI: PCI Root Bridge [PCI0] (domain 0000 [bus 00-ff])
[    0.189700] acpi PNP0A03:00: _OSC: OS supports [ASPM ClockPM Segments MSI]
[    0.191054] acpi PNP0A03:00: _OSC: not requesting OS control; OS requires [ExtendedConfig ASPM ClockPM MSI]
[    0.192013] acpi PNP0A03:00: fail to add MMCONFIG information, can't access extended PCI configuration space under this bridge.
[    0.194984] PCI host bridge to bus 0000:00
[    0.196004] pci_bus 0000:00: root bus resource [io  0x0000-0x0cf7 window]
[    0.197731] pci_bus 0000:00: root bus resource [io  0x0d00-0xffff window]
[    0.200006] pci_bus 0000:00: root bus resource [mem 0x000a0000-0x000bffff window]
[    0.201491] pci_bus 0000:00: root bus resource [mem 0x40000000-0xfdffffff window]
[    0.203583] pci_bus 0000:00: root bus resource [bus 00-ff]
[    0.208066] pci 0000:00:01.1: legacy IDE quirk: reg 0x10: [io  0x01f0-0x01f7]
[    0.212006] pci 0000:00:01.1: legacy IDE quirk: reg 0x14: [io  0x03f6]
[    0.213290] pci 0000:00:01.1: legacy IDE quirk: reg 0x18: [io  0x0170-0x0177]
[    0.215114] pci 0000:00:01.1: legacy IDE quirk: reg 0x1c: [io  0x0376]
[    0.229691] pci 0000:00:07.0: quirk: [io  0x4000-0x403f] claimed by PIIX4 ACPI
[    0.232027] pci 0000:00:07.0: quirk: [io  0x4100-0x410f] claimed by PIIX4 SMB
[    0.246125] ACPI: PCI Interrupt Link [LNKA] (IRQs 5 9 10 *11)
[    0.248285] ACPI: PCI Interrupt Link [LNKB] (IRQs 5 9 *10 11)
[    0.252156] ACPI: PCI Interrupt Link [LNKC] (IRQs 5 *9 10 11)
[    0.256188] ACPI: PCI Interrupt Link [LNKD] (IRQs 5 9 10 *11)
[    0.260336] SCSI subsystem initialized
[    0.264057] pci 0000:00:02.0: vgaarb: setting as boot VGA device
[    0.268000] pci 0000:00:02.0: vgaarb: VGA device added: decodes=io+mem,owns=io+mem,locks=none
[    0.268008] pci 0000:00:02.0: vgaarb: bridge control possible
[    0.269109] vgaarb: loaded
[    0.269709] ACPI: bus type USB registered
[    0.270532] usbcore: registered new interface driver usbfs
[    0.272018] usbcore: registered new interface driver hub
[    0.273058] usbcore: registered new device driver usb
[    0.276051] EDAC MC: Ver: 3.0.0
[    0.276946] PCI: Using ACPI for IRQ routing
[    0.277661] NetLabel: Initializing
[    0.278350] NetLabel:  domain hash size = 128
[    0.280002] NetLabel:  protocols = UNLABELED CIPSOv4 CALIPSO
[    0.281101] NetLabel:  unlabeled traffic allowed by default
[    0.282174] clocksource: Switched to clocksource kvm-clock
[    0.292475] VFS: Disk quotas dquot_6.6.0
[    0.293449] VFS: Dquot-cache hash table entries: 512 (order 0, 4096 bytes)
[    0.294879] AppArmor: AppArmor Filesystem Enabled
[    0.295834] pnp: PnP ACPI init
[    0.297933] pnp: PnP ACPI: found 3 devices
[  0077]losoceac_p mk:xfffmacyes0xff, maxdle_ns207024 n

[    1.26249] T:Registered protocol family 2

[    1.360822] TCP established hash table entries: 8192 (order: 4, 65536 bytes)
[    1.362227] TCP bind hash table entries: 8192 (order: 5, 131072 bytes)
[    1.363489] TCP: Hash tables configured (established 8192 bind 8192)
[    1.364991] UDP hash table entries: 512 (order: 2, 16384 bytes)
[    1.366387] UDP-Lite hash table entries: 512 (order: 2, 16384 bytes)
[    1.367724] NET: Registered protocol family 1
[    1.368631] pci 0000:00:00.0: Limiting direct PCI/PCI transfers
[    1.369918] pci 0000:00:01.0: Activating ISA DMA hang workarounds
[    1.371856] pci 0000:00:02.0: Video device with shadowed ROM at [mem 0x000c0000-0x000dffff]
[    1.373738] Unpacking initramfs...
[    1.609398] Freeing initrd memory: 19512K
[    1.727391] clocksource: tsc: mask: 0xffffffffffffffff max_cycles: 0x255cb6cc5db, max_idle_ns: 440795203504 ns
[    2.022339] platform rtc_cmos: registered platform RTC device (no PNP device found)
[    2.245232] Scanning for low memory corruption every 60 seconds
[    2.405240] Initialise system trusted keyrings
[    2.424921] Key type blacklist registered
[    2.429588] workingset: timestamp_bits=36 max_order=18 bucket_order=0
[    2.431565] zbud: loaded
[    2.432553] squashfs: version 4.0 (2009/01/31) Phillip Lougher
[    2.433928] fuse init (API version 7.26)
[    2.437515] Key type asymmetric registered
[    2.438392] Asymmetric key parser 'x509' registered
[    2.439413] Block layer SCSI generic (bsg) driver version 0.4 loaded (major 246)
[    2.441018] io scheduler noop registered
[    2.441798] io scheduler deadline registered
[    2.442668] io scheduler cfq registered (default)
[    2.443974] ACPI: AC Adapter [AC] (on-line)
[    2.444987] input: Power Button as /devices/LNXSYSTM:00/LNXPWRBN:00/input/input0
[    2.446582] ACPI: Power Button [PWRF]
[    2.447626] input: Sleep Button as /devices/LNXSYSTM:00/LNXSLPBN:00/input/input1
[    2.449309] ACPI: Sleep Button [SLPF]
[    2.450484] Serial: 8250/16550 driver, 32 ports, IRQ sharing enabled
[    2.451832] ACPI: Battery Slot [BAT0] (battery present)
[    2.477005] 00:02: ttyS0 at I/O 0x3f8 (irq = 4, base_baud = 115200) is a 16550A
[    2.679074] Linux agpgart interface v0.103
[    2.687627] loop: module loaded
[    2.689001] scsi host0: ata_piix
[    2.689908] scsi host1: ata_piix
[    2.690590] ata1: PATA max UDMA/33 cmd 0x1f0 ctl 0x3f6 bmdma 0xd000 irq 14
[    2.691921] ata2: PATA max UDMA/33 cmd 0x170 ctl 0x376 bmdma 0xd008 irq 15
[    2.693336] libphy: Fixed MDIO Bus: probed
[    2.694276] tun: Universal TUN/TAP device driver, 1.6
[    2.695277] PPP generic driver version 2.4.2
[    2.696819] ehci_hcd: USB 2.0 'Enhanced' Host Controller (EHCI) Driver
[    2.698152] ehci-pci: EHCI PCI platform driver
[    2.699055] ehci-platform: EHCI generic platform driver
[    2.700074] ohci_hcd: USB 1.1 'Open' Host Controller (OHCI) Driver
[    2.706305] ohci-pci: OHCI PCI platform driver
[    2.707944] ohci-platform: OHCI generic platform driver
[    2.709214] uhci_hcd: USB Universal Host Controller Interface driver
[    2.711161] i8042: PNP: PS/2 Controller [PNP0303:PS2K,PNP0f03:PS2M] at 0x60,0x64 irq 1,12
[    2.713825] serio: i8042 KBD port at 0x60,0x64 irq 1
[    2.715667] serio: i8042 AUX port at 0x60,0x64 irq 12
[    2.717175] mousedev: PS/2 mouse device common for all mice
[    2.719172] rtc_cmos rtc_cmos: rtc core: registered rtc_cmos as rtc0
[    2.721162] input: AT Translated Set 2 keyboard as /devices/platform/i8042/serio0/input/input2
[    2.723646] rtc_cmos rtc_cmos: alarms up to one day, 114 bytes nvram
[    2.724890] i2c /dev entries driver
[    2.725592] pcie_mp2_amd: AMD(R) PCI-E MP2 Communication Driver Version: 1.0
[    2.726944] device-mapper: uevent: version 1.0.3
[    2.727870] device-mapper: ioctl: 4.37.0-ioctl (2017-09-20) initialised: dm-devel@redhat.com
[    2.729550] ledtrig-cpu: registered to indicate activity on CPUs
[    2.762026] NET: Registered protocol family 10
[    2.768371] Segment Routing with IPv6
[    2.769195] NET: Registered protocol family 17
[    2.770170] Key type dns_resolver registered
[    2.771337] RAS: Correctable Errors collector initialized.
[    2.772549] sched_clock: Marking stable (2772524869, 0)->(11749127320, -8976602451)
[    2.777406] registered taskstats version 1
[    2.778264] Loading compiled-in X.509 certificates
[    2.781249] Loaded X.509 cert 'Build time autogenerated kernel key: 0d5cb4b7de8533fd8e7240d711ae9d354ea3dca1'
[    2.783176] zswap: loaded using pool lzo/zbud
[    2.787205] Key type big_key registered
[    2.788209] Key type trusted registered
[    2.793942] Key type encrypted registered
[    2.794850] AppArmor: AppArmor sha1 policy hashing enabled
[    2.796010] ima: No TPM chip found, activating TPM-bypass! (rc=-19)
[    2.797234] ima: Allocated hash algorithm: sha1
[    2.798119] evm: HMAC attrs: 0x1
[    2.799066]   Magic number: 3:42:722
[    2.799779] block loop2: hash matches
[    2.834164] rtc_cmos rtc_cmos: setting system clock to 2019-05-23 06:44:55 UTC (1558593895)
[    3.048958] BIOS EDD facility v0.16 2004-Jun-25, 0 devices found
[    3.199460] EDD information not available.
[    3.294249] Freeing unused kernel image memory: 2412K
[    3.400423] Write protecting the kernel read-only data: 20480k
[    3.500846] Freeing unused kernel image memory: 2008K
[    3.502192] Freeing unused kernel image memory: 1868K
[    3.507448] x86/mm: Checked W+X mappings: passed, no W+X pages found.
[    3.509379] x86/mm: Checking user space page tables
[    3.514325] x86/mm: Checked W+X mappings: passed, no W+X pages found.
Loading, please wait...
starting version 237
[    3.571505] e1000: Intel(R) PRO/1000 Network Driver - version 7.3.21-k8-NAPI
[    3.728896] e1000: Copyright (c) 1999-2006 Intel Corporation.
[    3.965662] Fusion MPT base driver 3.04.20
[    4.151866] Copyright (c) 1999-2008 LSI Corporation
[    4.351225] Fusion MPT SPI Host driver 3.04.20
[    4.482062] AVX2 version of gcm_enc/dec engaged.
[    4.581858] AES CTR mode by8 optimization enabled
[    4.588344] input: ImExPS/2 Generic Explorer Mouse as /devices/platform/i8042/serio1/input/input4
[    5.066991] e1000 0000:00:03.0 eth0: (PCI:33MHz:32-bit) 02:35:4a:03:dd:91
[    5.655555] e1000 0000:00:03.0 eth0: Intel(R) PRO/1000 Network Connection
[    5.666503] mptbase: ioc0: Initiating bringup
[    5.785708] ioc0: LSI53C1030 A0: Capabilities={Initiator}
[    7.126375] scsi host2: ioc0: LSI53C1030 A0, FwRev=00000000h, Ports=1, MaxQ=256, IRQ=20
[    7.905271] scsi 2:0:0:0: Direct-Access     VBOX     HARDDISK         1.0  PQ: 0 ANSI: 5
[    8.268639] scsi target2:0:0: Beginning Domain Validation
[    8.300901] e1000 0000:00:08.0 eth1: (PCI:33MHz:32-bit) 08:00:27:03:24:13
[    8.300905] e1000 0000:00:08.0 eth1: Intel(R) PRO/1000 Network Connection
[    8.402647] e1000 0000:00:03.0 enp0s3: renamed from eth0
[    8.558367] scsi target2:0:0: Domain Validation skipping write tests
[    8.637688] scsi target2:0:0: Ending Domain Validation
[    8.742642] scsi target2:0:0: asynchronous
[    8.753955] e1000 0000:00:08.0 enp0s8: renamed from eth1
[    8.913394] scsi 2:0:1:0: Direct-Access     VBOX     HARDDISK         1.0  PQ: 0 ANSI: 5
[    8.948562] scsi target2:0:1: Beginning Domain Validation
[    9.061686] random: fast init done
[    9.670549] scsi target2:0:1: Domain Validation skipping write tests
[    9.869239] scsi target2:0:1: Ending Domain Validation
[    9.871207] scsi target2:0:1: asynchronous
[    9.908871] random: systemd-udevd: uninitialized urandom read (16 bytes read)
[    9.911633] random: systemd-udevd: uninitialized urandom read (16 bytes read)
[    9.992407] sd 2:0:0:0: Attached scsi generic sg0 type 0
[    9.992484] random: systemd-udevd: uninitialized urandom read (16 bytes read)
[    9.996085] sd 2:0:0:0: [sda] 20971520 512-byte logical blocks: (10.7 GB/10.0 GiB)
[    9.997975] sd 2:0:0:0: [sda] Write Protect is off
[    9.999153] sd 2:0:1:0: [sdb] 20480 512-byte logical blocks: (10.5 MB/10.0 MiB)
[   10.000081] sd 2:0:1:0: Attached scsi generic sg1 type 0
[   10.001968] sd 2:0:1:0: [sdb] Write Protect is off
[   10.003529] sd 2:0:0:0: [sda] Incomplete mode parameter data
[   10.004825] sd 2:0:0:0: [sda] Assuming drive cache: write through
[   10.004861] sd 2:0:1:0: [sdb] Incomplete mode parameter data
[   10.004863] sd 2:0:1:0: [sdb] Assuming drive cache: write through
[   10.006857] sd 2:0:1:0: [sdb] Attached SCSI disk
[   10.012109]  sda: sda1
[   10.013776] sd 2:0:0:0: [sda] Attached SCSI disk
Begin: Loading essential drivers ... [   11.380240] raid6: sse2x1   gen() 14130 MB/s
[   11.552055] raid6: sse2x1   xor() 10331 MB/s
[   11.692080] raid6: sse2x2   gen() 17169 MB/s
[   11.824274] raid6: sse2x2   xor() 11240 MB/s
[   11.968335] raid6: sse2x4   gen() 19955 MB/s
[   12.116222] raid6: sse2x4   xor() 12333 MB/s
[   12.208534] raid6: avx2x1   gen() 27338 MB/s
[   12.360219] raid6: avx2x1   xor() 19505 MB/s
[   12.524066] raid6: avx2x2   gen() 33854 MB/s
[   12.648197] raid6: avx2x2   xor() 21191 MB/s
[   12.800245] raid6: avx2x4   gen() 38223 MB/s
[   12.972562] raid6: avx2x4   xor() 24176 MB/s
[   13.052562] raid6: using algorithm avx2x4 gen() 38223 MB/s
[   13.166006] raid6: .... xor() 24176 MB/s, rmw enabled
[   13.236540] raid6: using avx2x2 recovery algorithm
[   13.242489] xor: automatically using best checksumming function   avx       
[   13.246820] async_tx: api initialized (async)
done.
Begin: Running /scripts/init-premount ... done.
Begin: Mounting root file system ... Begin: Running /scripts/local-top ... done.
Begin: Running /scripts/local-premount ... [   13.285718] Btrfs loaded, crc32c=crc32c-intel
Scanning for Btrfs filesystems
done.
Warning: fsck no[   13.458059] EXT4-fs (sda1): mounted filesystem with ordered data mode. Opts: (null)
t present, so skipping root file system
done.
Begin: Running /scripts/local-bottom ... done.
Begin: Running /scripts/init-bottom ... done.
[   13.817450] ip_tables: (C) 2000-2006 Netfilter Core Team
[   13.990353] systemd[1]: systemd 237 running in system mode. (+PAM +AUDIT +SELINUX +IMA +APPARMOR +SMACK +SYSVINIT +UTMP +LIBCRYPTSETUP +GCRYPT +GNUTLS +ACL +XZ +LZ4 +SECCOMP +BLKID +ELFUTILS +KMOD -IDN2 +IDN -PCRE2 default-hierarchy=hybrid)
[   14.301155] systemd[1]: Detected virtualization oracle.
[   14.333158] systemd[1]: Detected architecture x86-64.

Welcome to [1mUbuntu 18.04.2 LTS[0m!

[   14.341702] systemd[1]: Set hostname to <ubuntu-bionic>.
[   14.548303] systemd[1]: Set up automount Arbitrary Executable File Formats File System Automount Point.
[[0;32m  OK  [0m] Set up automount Arbitrary Executabâ€¦rmats File System Automount Point.
[   14.574779] systemd[1]: Reached target System Time Synchronized.
[[0;32m  OK  [0m] Reached target System Time Synchronized.
[   15.710495] systemd[1]: Created slice User and Session Slice.
[[0;32m  OK  [0m] Created slice User and Session Slice.
[   16.432359] systemd[1]: Reached target User and Group Name Lookups.
[[0;32m  OK  [0m] Reached target User and Group Name Lookups.
[   17.574193] systemd[1]: Created slice System Slice.
[[0;32m  OK  [0m] Created slice System Slice.
[   17.576132] systemd[1]: Listening on Device-mapper event daemon FIFOs.
[[0;32m  OK  [0m] Listening on Device-mapper event daemon FIFOs.
[[0;32m  OK  [0m] Listening on Journal Socket (/dev/log).
[[0;32m  OK  [0m] Listening on Syslog Socket.
[[0;32m  OK  [0m] Listening on Journal Audit Socket.
[[0;32m  OK  [0m] Listening on LVM2 metadata daemon socket.
[[0;32m  OK  [0m] Listening on LVM2 poll daemon socket.
[[0;32m  OK  [0m] Listening on /dev/initctl Compatibility Named Pipe.
[[0;32m  OK  [0m] Listening on Network Service Netlink Socket.
[[0;32m  OK  [0m] Reached target Swap.
[[0;32m  OK  [0m] Listening on udev Kernel Socket.
[[0;32m  OK  [0m] Started Forward Password Requests to Wall Directory Watch.
[[0;32m  OK  [0m] Reached target Slices.
[[0;32m  OK  [0m] Listening on udev Control Socket.
[[0;32m  OK  [0m] Listening on Journal Socket.
         Starting Journal Service...
         Starting Monitoring of LVM2 mirrorsâ€¦ng dmeventd or progress polling...
         Starting Create list of required stâ€¦ce nodes for the current kernel...
         Starting Uncomplicated firewall...
         Mounting Kernel Debug File System...
         Starting udev Coldplug all Devices...
         Starting Load Kernel Modules...
         Mounting Huge Pages File System...
         Starting Set the console keyboard layout...
         Starting Remount Root and Kernel File Systems...
         Mounting POSIX Message Queue File System...
[[0;32m  OK  [0m] Created slice system-serial\x2dgetty.slice.
[[0;32m  OK  [0m] Started Journal Service.
[[0;32m  OK  [0m] Started Create list of required staâ€¦vice nodes for the current kernel.
[[0;32m  OK  [0m] Started Uncomplicated firewall.
[[0;32m  OK  [0m] Mounted Kernel Debug File System.
[[0;32m  OK  [0m] Mounted Huge Pages File System.
[[0;32m  OK  [0m] Mounted POSIX Message Queue File System.
[[0;32m  OK  [0m] Started LVM2 metadata daemon.
         Starting Create Static Device Nodes in /dev...
[   17.894491] Loading iSCSI transport class v2.0-870.
[[0;32m  OK  [0m] Started udev Coldplug all Devices.
[[0;32m  OK  [0m] Started Create Static Device Nodes in /dev.
[   17.976435] iscsi: registered transport (tcp)
[   17.992458] iscsi: registered transport (iser)
[   18.175094] EXT4-fs (sda1): re-mounted. Opts: (null)
[[0;32m  OK  [0m] Started Load Kernel Modules.
[[0;32m  OK  [0m] Started Monitoring of LVM2 mirrors,â€¦sing dmeventd or progress polling.
[[0;32m  OK  [0m] Started Set the console keyboard layout.
[[0;32m  OK  [0m] Started Remount Root and Kernel File Systems.
         Startin[   18.456321] random: crng init done
g Flush Journal to Persistent Storage...
[   18.482275] random: 7 urandom warning(s) missed due to ratelimiting
         Starting udev Kernel Device Manager...
         Starting Load/Save Random Seed...
[[0;32m  OK  [0m] Reached target Local File Systems (Pre).
[[0;32m  OK  [0m] Reached target Local File Systems.
         Starting AppArmor initialization...
         Starting ebtables ruleset management...
         Starting Tell Plymouth To Write Out Runtime Data...
         Starting Set console font and keymap...
         Starting Apply Kernel Variables...
         Mounting Kernel Configuration File System...
         Mounting FUSE Control File System...
[[0;32m  OK  [0m] Started udev Kernel Device Manager.
[[0;32m  OK  [0m] Started Load/Save Random Seed.
[[0;32m  OK  [0m] Started Tell Plymouth To Write Out Runtime Data.
[[0;32m  OK  [0m] Started Set console font and keymap.
[[0;32m  OK  [0m] Started Apply Kernel Variables.
[[0;32m  OK  [0m] Mounted Kernel Configuration File System.
[[0;32m  OK  [0m] Mounted FUSE Control File System.
[[0;32m  OK  [0m] Started Dispatch Password Requests to Console Directory Watch.
[[0;32m  OK  [0m] Reached target Local Encrypted Volumes.
[[0;32m  OK  [0m] Started ebtables ruleset management.
[[0;32m  OK  [0m] Found device /dev/ttyS0.
[[0;32m  OK  [0m] Listening on Load/Save RF Kill Switch Status /dev/rfkill Watch.
[[0;32m  OK  [0m] Started Flush Journal to Persistent Storage.
         Starting Create Volatile Files and Directories...
[[0;32m  OK  [0m] Started Create Volatile Files and Directories.
[[0;32m  OK  [0m] Started AppArmor initialization.
         Starting Update UTMP about System Boot/Shutdown...
         Starting Initial cloud-init job (pre-networking)...
[[0;32m  OK  [0m] Started Update UTMP about System Boot/Shutdown.
[   19.973113] cloud-init[578]: Cloud-init v. 18.5-45-g3554ffe8-0ubuntu1~18.04.1 running 'init-local' at Thu, 23 May 2019 06:45:12 +0000. Up 19.78 seconds.
[[0;32m  OK  [0m] Started Initial cloud-init job (pre-networking).
[[0;32m  OK  [0m] Reached target Network (Pre).
         Starting Network Service...
[[0;32m  OK  [0m] Started Network Service.
         Starting Network Name Resolution...
         Starting Wait for Network to be Configured...
[[0;32m  OK  [0m] Started Network Name Resolution.
[[0;32m  OK  [0m] Reached target Network.
[[0;32m  OK  [0m] Reached target Host and Network Name Lookups.
[[0;32m  OK  [0m] Started Wait for Network to be Configured.
         Starting Initial cloud-init job (metadata service crawler)...
[   22.592693] cloud-init[712]: Cloud-init v. 18.5-45-g3554ffe8-0ubuntu1~18.04.1 running 'init' at Thu, 23 May 2019 06:45:15 +0000. Up 22.48 seconds.
[   22.670458] cloud-init[712]: ci-info: ++++++++++++++++++++++++++++++++++++++Net device info+++++++++++++++++++++++++++++++++++++++
[   22.672818] cloud-init[712]: ci-info: +--------+------+-----------------------------+---------------+--------+-------------------+
[   22.728697] cloud-init[712]: ci-info: | Device |  Up  |           Address           |      Mask     | Scope  |     Hw-Address    |
[[0;32m  OK  [0m] Started Initial cloud-init job (metadata service crawler).[   22.821575] 
cloud-init[712]: ci-info: +--------+------+-----------------------------+---------------+--------+-------------------+
[[   22.944915] cloud-init[712]: ci-info: | enp0s3 | True |          10.0.2.15          | 255.255.255.0 | global | 02:35:4a:03:dd:91 |
[   22.945264] cloud-init[712]: ci-info: | enp0s3 | True |  fe80::35:4aff:fe03:dd91/64 |       .       |  link  | 02:35:4a:03:dd:91 |
[0;32m  OK  [0m] Reached target System Initialization.
[   22.945721] cloud-init[712]: ci-info: | enp0s8 | True |        192.168.33.10        | 255.255.255.0 | global | 08:00:27:03:24:13 |
[   22.999153] cloud-init[712]: ci-info: | enp0s8 | True | fe80::a00:27ff:fe03:2413/64 |       .       |  link  | 08:00:27:03:24:13 |
[   23.002257] cloud-init[712]: ci-info: |   lo   | True |          127.0.0.1          |   255.0.0.0   |  host  |         .         |
[   23.006262] cloud-init[712]: ci-info: |   lo   | True |           ::1/128           |       .       |  host  |         .         |
         [   23.008951] cloud-init[712]: ci-info: +--------+------+-----------------------------+---------------+--------+-------------------+
[   23.009339] cloud-init[712]: ci-info: +++++++++++++++++++++++++++++Route IPv4 info+++++++++++++++++++++++++++++
Starting Socket activation for snappy daemon.
[   23.010117] cloud-init[712]: ci-info: +-------+--------------+----------+-----------------+-----------+-------+
[   23.020602] cloud-init[712]: ci-info: | Route | Destination  | Gateway  |     Genmask     | Interface | Flags |
[[   23.022852] cloud-init[712]: ci-info: +-------+--------------+----------+-----------------+-----------+-------+
[   23.023049] cloud-init[712]: ci-info: |   0   |   0.0.0.0    | 10.0.2.2 |     0.0.0.0     |   enp0s3  |   UG  |
[   23.023323] cloud-init[712]: ci-info: |   1   |   10.0.2.0   | 0.0.0.0  |  255.255.255.0  |   enp0s3  |   U   |
[   23.023612] cloud-init[712]: ci-info: |   2   |   10.0.2.2   | 0.0.0.0  | 255.255.255.255 |   enp0s3  |   UH  |
[   23.023860] cloud-init[712]: ci-info: |   3   | 192.168.33.0 | 0.0.0.0  |  255.255.255.0  |   enp0s8  |   U   |
[   23.024485] cloud-init[712]: ci-info: +-------+--------------+----------+-----------------+-----------+-------+
[   23.024840] cloud-init[712]: ci-info: +++++++++++++++++++Route IPv6 info+++++++++++++++++++
[   23.025102] cloud-init[712]: ci-info: +-------+-------------+---------+-----------+-------+
[   23.025397] cloud-init[712]: ci-info: | Route | Destination | Gateway | Interface | Flags |
[   23.025644] cloud-init[712]: ci-info: +-------+-------------+---------+-----------+-------+
[   23.026009] cloud-init[712]: ci-info: |   1   |  fe80::/64  |    ::   |   enp0s8  |   U   |
[   23.026343] cloud-init[712]: ci-info: |   2   |  fe80::/64  |    ::   |   enp0s3  |   U   |
[   23.026590] cloud-init[712]: ci-info: |   4   |    local    |    ::   |   enp0s3  |   U   |
[   23.026872] cloud-init[712]: ci-info: |   5   |    local    |    ::   |   enp0s8  |   U   |
[   23.027141] cloud-init[712]: ci-info: |   6   |   ff00::/8  |    ::   |   enp0s8  |   U   |
[   23.027420] cloud-init[712]: ci-info: |   7   |   ff00::/8  |    ::   |   enp0s3  |   U   |
[   23.027732] cloud-init[712]: ci-info: +-------+-------------+---------+-----------+-------+
[0;32m  OK  [0m] Started Daily apt download activities.
[[0;32m  OK  [0m] Started Daily apt upgrade and clean activities.
[[0;32m  OK  [0m] Started Daily Cleanup of Temporary Directories.
[[0;32m  OK  [0m] Listening on D-Bus System Message Bus Socket.
[[0;32m  OK  [0m] Started ACPI Events Check.
[[0;32m  OK  [0m] Reached target Paths.
[[0;32m  OK  [0m] Listening on Open-iSCSI iscsid Socket.
[[0;32m  OK  [0m] Started Message of the Day.
[[0;32m  OK  [0m] Listening on ACPID Listen Socket.
[[0;32m  OK  [0m] Started Discard unused blocks once a week.
[[0;32m  OK  [0m] Reached target Timers.
[[0;32m  OK  [0m] Listening on UUID daemon activation socket.
         Starting LXD - unix socket.
[[0;32m  OK  [0m] Reached target Network is Online.
[[0;32m  OK  [0m] Reached target Remote File Systems (Pre).
[[0;32m  OK  [0m] Reached target Remote File Systems.
         Starting Availability of block devices...
[[0;32m  OK  [0m] Reached target Cloud-config availability.
[[0;32m  OK  [0m] Listening on Socket activation for snappy daemon.
[[0;32m  OK  [0m] Listening on LXD - unix socket.
[[0;32m  OK  [0m] Started Availability of block devices.
[[0;32m  OK  [0m] Reached target Sockets.
[[0;32m  OK  [0m] Reached target Basic System.
         Starting Login Service...
         Starting Permit User Sessions...
         Starting LXD - container startup/shutdown...
         Starting LSB: Record successful boot for GRUB...
         Starting vboxadd.service...
         Starting System Logging Service...
[[0;32m  OK  [0m] Started Regular background program processing daemon.
[[0;32m  OK  [0m] Started irqbalance daemon.
         Starting OpenBSD Secure Shell server...
[[0;32m  OK  [0m] Started D-Bus System Message Bus.
[[0;32m  OK  [0m] Started Login Service.
[[0;32m  OK  [0m] Started Unattended Upgrades Shutdown.
         Starting Snappy daemon...
         Starting LSB: automatic crash report generation...
[[0;32m  OK  [0m] Started Deferred execution scheduler.
[[0;32m  OK  [0m] Started FUSE filesystem for LXC.
         Starting Dispatcher daemon for systemd-networkd...
         Starting Accounts Service...
[[0;32m  OK  [0m] Started System Logging Service.
[[0;32m  OK  [0m] Started Snappy daemon.
[[0;32m  OK  [0m] Started Dispatcher daemon for systemd-networkd.
[[0;32m  OK  [0m] Started Permit User Sessions.
[[0;32m  OK  [0m] Started LXD - container startup/shutdown.
[[0;32m  OK  [0m] Started vboxadd.service.
[[0;32m  OK  [0m] Started OpenBSD Secure Shell server.
         Starting Authorization Manager...
         Starting vboxadd-service.service...
         Starting Hold until boot process finishes up...
         Starting Terminate Plymouth Boot Screen...
         Starting Wait until snapd is fully seeded...
[[0;32m  OK  [0m] Started Hold until boot process finishes up.
[[0;32m  OK  [0m] Started Terminate Plymouth Boot Screen.
[[0;32m  OK  [0m] Started Authorization Manager.
[[0;32m  OK  [0m] Started Accounts Service.
[[0;32m  OK  [0m] Started LSB: automatic crash report generation.
[[0;32m  OK  [0m] Started Wait until snapd is fully seeded.
         Starting Apply the settings specified in cloud-config...
         Starting Set console scheme...
[[0;32m  OK  [0m] Started Serial Getty on ttyS0.
[[0;32m  OK  [0m] Started LSB: Record successful boot for GRUB.
[[0;32m  OK  [0m] Started Set console scheme.
[[0;32m  OK  [0m] Created slice system-getty.slice.
[[0;32m  OK  [0m] Started Getty on tty1.
[[0;32m  OK  [0m] Reached target Login Prompts.
[[0;32m  OK  [0m] Started vboxadd-service.service.
[[0;32m  OK  [0m] Reached target Multi-User System.
[[0;32m  OK  [0m] Reached target Graphical Interface.
         Starting Update UTMP about System Runlevel Changes...
[[0;32m  OK  [0m] Started Update UTMP about System Runlevel Changes.
[[0;32m  OK  [0m] Created slice User Slice of vagrant.
         Starting User Manager for UID 1000...
[[0;32m  OK  [0m] Started Session 1 of user vagrant.
[[0;32m  OK  [0m] Started User Manager for UID 1000.
[   25.549106] cloud-init[1161]: Cloud-init v. 18.5-45-g3554ffe8-0ubuntu1~18.04.1 running 'modules:config' at Thu, 23 May 2019 06:45:18 +0000. Up 25.43 seconds.
[[0;32m  OK  [0m] Started Apply the settings specified in cloud-config.
         Starting Execute cloud user/final scripts...
[   25.989917] cloud-init[1277]: Cloud-init v. 18.5-45-g3554ffe8-0ubuntu1~18.04.1 running 'modules:final' at Thu, 23 May 2019 06:45:18 +0000. Up 25.90 seconds.
[   26.104529] [cloud-init[0;32m  OK  [0m[1277]: ] Cloud-init v. 18.5-45-g3554ffe8-0ubuntu1~18.04.1 finished at Thu, 23 May 2019 06:45:18 +0000. Datasource DataSourceNoCloud [seed=/dev/sdb][dsmode=net].  Up 25.98 secondsStarted Execute cloud user/final scripts.

[[0;32m  OK  [0m] Reached target Cloud-init target.

Ubuntu 18.04.2 LTS ubuntu-bionic ttyS0

ubuntu-bionic login:          Stopping Session 8 of user vagrant.
[[0;32m  OK  [0m] Stop          Stopping LXD - container startup/shutdown...
[[0;32m  OK  [0m] Stopped Wait until snapd is fully seeded.
[[0;32m  OK  [0m] Stopped Message of the Day.
[[0;32m  OK  [0m] Unmounted /var/lib/lxcfs.
[[0;32m  OK  [0m] Stopped System Logging Service.
[[0;32m  OK  [0m] Stopped Regular background program processing daemon.
[[0;32m  OK  [0m] Stopped irqbalance daemon.
[[0;32m  OK  [0m] Stopped Unattended Upgrades Shutdown.
[[0;32m  OK  [0m] Stopped Deferred execution scheduler.
[[0;32m  OK  [0m] Stopped Dispatcher daemon for systemd-networkd.
[[0;32m  OK  [0m] Stopped Accounts Service.
[[0;32m  OK  [0m] Stopped OpenBSD Secure Shell server.
[[0;32m  OK  [0m] Stopped Authorization Manager.
[[0;32m  OK  [0m] Stopped Serial Getty on ttyS0.
[[0;32m  OK  [0m] Stopped Getty on tty1.
[[0;32m  OK  [0m] Stopped User Manager for UID 1000.
[[0;32m  OK  [0m] Stopped Availability of block devices.
[[0;32m  OK  [0m] Stopped D-Bus System Message Bus.
[[0;32m  OK  [0m] Stopped vboxadd-service.service.
[[0;32m  OK  [0m] Stopped FUSE filesystem for LXC.
[[0;32m  OK  [0m] Stopped Session 8 of user vagrant.
[[0;32m  OK  [0m] Stopped LXD - container startup/shutdown.
[[0;32m  OK  [0m] Stopped LSB: Record successful boot for GRUB.
[[0;32m  OK  [0m] Stopped LSB: automatic crash report generation.
         Stopping vboxadd.service...
[[0;32m  OK  [0m] Removed slice User Slice of vagrant.
[[0;32m  OK  [0m] Removed slice system-getty.slice.
         Stopping Permit User Sessions...
[[0;32m  OK  [0m] Removed slice system-serial\x2dgetty.slice.
         Stopping Login Service...
[[0;32m  OK  [0m] Unmounted /vagrant.
[[0;32m  OK  [0m] Stopped vboxadd.service.
[[0;32m  OK  [0m] Stopped Permit User Sessions.
[[0;32m  OK  [0m] Stopped Login Service.
[[0;32m  OK  [0m] Stopped target User and Group Name Lookups.
[[0;32m  OK  [0m] Stopped target Remote File Systems.
[[0;32m  OK  [0m] Stopped target Remote File Systems (Pre).
[[0;32m  OK  [0m] Stopped target Network.
         Stopping Network Name Resolution...
[[0;32m  OK  [0m] Stopped target Basic System.
[[0;32m  OK  [0m] Stopped target Slices.
[[0;32m  OK  [0m] Removed slice User and Session Slice.
[[0;32m  OK  [0m] Stopped target Paths.
[[0;32m  OK  [0m] Stopped ACPI Events Check.
[[0;32m  OK  [0m] Stopped target Sockets.
[[0;32m  OK  [0m] Closed Open-iSCSI iscsid Socket.
[[0;32m  OK  [0m] Closed Syslog Socket.
[[0;32m  OK  [0m] Closed LXD - unix socket.
[[0;32m  OK  [0m] Closed ACPID Listen Socket.
[[0;32m  OK  [0m] Closed D-Bus System Message Bus Socket.
[[0;32m  OK  [0m] Closed Socket activation for snappy daemon.
[[0;32m  OK  [0m] Closed UUID daemon activation socket.
[[0;32m  OK  [0m] Stopped target System Initialization.
         Stopping Load/Save Random Seed...
         Stopping Update UTMP about System Boot/Shutdown...
[[0;32m  OK  [0m] Stopped target Local Encrypted Volumes.
[[0;32m  OK  [0m] Stopped Forward Password Requests to Wall Directory Watch.
[[0;32m  OK  [0m] Stopped Dispatch Password Requests to Console Directory Watch.
[[0;32m  OK  [0m] Stopped Initial cloud-init job (metadata service crawler).
[[0;32m  OK  [0m] Stopped Network Name Resolution.
[[0;32m  OK  [0m] Stopped Load/Save Random Seed.
         Stopping Network Service...
[[0;32m  OK  [0m] Stopped Update UTMP about System Boot/Shutdown.
[[0;32m  OK  [0m] Stopped Network Service.
[[0;32m  OK  [0m] Stopped target Network (Pre).
[[0;32m  OK  [0m] Stopped Initial cloud-init job (pre-networking).
[[0;32m  OK  [0m] Stopped Apply Kernel Variables.
[[0;32m  OK  [0m] Stopped Load Kernel Modules.
[[0;32m  OK  [0m] Stopped Create Volatile Files and Directories.
[[0;32m  OK  [0m] Stopped target Local File Systems.
         Unmounting /run/user/1000...
[[0;32m  OK  [0m] Unmounted /run/user/1000.
[[0;32m  OK  [0m] Reached target Unmount All Filesystems.
[[0;32m  OK  [0m] Stopped target Local File Systems (Pre).
[[0;32m  OK  [0m] Stopped Create Static Device Nodes in /dev.
[[0;32m  OK  [0m] Stopped Remount Root and Kernel File Systems.
         Stopping Monitoring of LVM2 mirrorsâ€¦ng dmeventd or progress polling...
[[0;32m  OK  [0m] Stopped target Swap.
[[0;32m  OK  [0m] Reached target Shutdown.
[[0;32m  OK  [0m] Reached target Final Step.
         Starting Power-Off...
[[0;32m  OK  [0m] Stopped Monitoring of LVM2 mirrors,â€¦sing dmeventd or progress polling.
         Stopping LVM2 metadata daemon...
[[0;32m  OK  [0m] Stopped LVM2 metadata daemon.
[10072.856286] reboot: Power down
