[   0.0000 Linx ersion 4.150-50enric uidd@lcy1-md6413 (gc vrsio7..0Ubntu 7..0-16ubuntu3)) #54-Ubuntu SMP Mon May 6 18:46:08 UTC 2019 (Ubuntu 4.15.0-50.54-generic 4.15.18)
[    0.000000] Command line: BOOT_IMAGE=/boot/vmlinuz-4.15.0-50-generic root=UUID=b107e13a-a447-4cba-8c88-d14fcf8970b0 ro console=tty1 console=ttyS0
[    0.000000] KERNEL supported cpus:
[    0.000000]   Intel GenuineIntel
[    0.000000]   AMD AuthenticAMD
[    0.000000]   Centaur CentaurHauls
[    0.000000] x86/fpu: Supporting XSAVE feature 0x001: 'x87 floating point registers'
[    0.000000] x86/fpu: Supporting XSAVE feature 0x002: 'SSE registers'
[    0.000000] x86/fpu: Supporting XSAVE feature 0x004: 'AVX registers'
[    0.000000] x86/fpu: xstate_offset[2]:  576, xstate_sizes[2]:  256
[    0.000000] x86/fpu: Enabled xstate features 0x7, context size is 832 bytes, using 'standard' format.
[    0.000000] e820: BIOS-provided physical RAM map:
[    0.000000] BIOS-e820: [mem 0x0000000000000000-0x000000000009fbff] usable
[    0.000000] BIOS-e820: [mem 0x000000000009fc00-0x000000000009ffff] reserved
[    0.000000] BIOS-e820: [mem 0x00000000000f0000-0x00000000000fffff] reserved
[    0.000000] BIOS-e820: [mem 0x0000000000100000-0x000000003ffeffff] usable
[    0.000000] BIOS-e820: [mem 0x000000003fff0000-0x000000003fffffff] ACPI data
[    0.000000] BIOS-e820: [mem 0x00000000fec00000-0x00000000fec00fff] reserved
[    0.000000] BIOS-e820: [mem 0x00000000fee00000-0x00000000fee00fff] reserved
[    0.000000] BIOS-e820: [mem 0x00000000fffc0000-0x00000000ffffffff] reserved
[    0.000000] NX (Execute Disable) protection: active
[    0.000000] SMBIOS 2.5 present.
[    0.000000] DMI: innotek GmbH VirtualBox/VirtualBox, BIOS VirtualBox 12/01/2006
[    0.000000] Hypervisor detected: KVM
[    0.000000] e820: last_pfn = 0x3fff0 max_arch_pfn = 0x400000000
[    0.000000] MTRR: Disabled
[    0.000000] x86/PAT: MTRRs disabled, skipping PAT initialization too.
[    0.000000] CPU MTRRs all blank - virtualized system.
[    0.000000] x86/PAT: Configuration [0-7]: WB  WT  UC- UC  WB  WT  UC- UC  
[    0.000000] ffound SMP MP-table at [mem 0x0009fff0-0x0009ffff] mapped at [        (ptrval)]
[    0.000000] Scanning 1 areas for low memory corruption
[    0.000000] RAMDISK: [mem 0x359d3000-0x36ce0fff]
[    0.000000] ACPI: Early table checksum verification disabled
[    0.000000] ACPI: RSDP 0x00000000000E0000 000024 (v02 VBOX  )
[    0.000000] ACPI: XSDT 0x000000003FFF0030 00003C (v01 VBOX   VBOXXSDT 00000001 ASL  00000061)
[    0.000000] ACPI: FACP 0x000000003FFF00F0 0000F4 (v04 VBOX   VBOXFACP 00000001 ASL  00000061)
[    0.000000] ACPI: DSDT 0x000000003FFF0470 0021FF (v02 VBOX   VBOXBIOS 00000002 INTL 20100528)
[    0.000000] ACPI: FACS 0x000000003FFF0200 000040
[    0.000000] ACPI: FACS 0x000000003FFF0200 000040
[    0.000000] ACPI: APIC 0x000000003FFF0240 00005C (v02 VBO  VBOXAPIC 00000001 ASL  00000061)
[    0.000000] ACPI: SSDT 0x000000003FFF02A0 0001CC (v01 VBOX   VBOXCPUT 00000002 INTL 20100528)
[    0.000000] No NUMA configuration found
[    0.000000] Faking a node at [mem 0x0000000000000000-0x000000003ffeffff]
[    0.000000] NODE_DATA(0) allocated [mem 0x3ffc5000-0x3ffeffff]
[    0.000000] kvm-clock:cp0, msr 0:3ff4401 primay u clock
[   .0000]kvm-lok: Ungmsrsb54d01an 4b564d00
[   .000000 kvmlok: using scd ffset of 194130cyles    00000] closorce:kv-clock: mask: 0xffffffffffffffff max_cycles: 0x1cd42e4dffb, max_idle_ns: 881590591483 ns
[    0.000000] Zone ranges:
[    0.000000]   DMA      [mem 0x0000000000001000-0x0000000000ffffff]
[    0.000000]   DMA32    [mem 0x0000000001000000-0x000000003ffeffff]
[    0.000000]   Normal   empty
[    0.000000]   Device   empty
[    0.000000] Movable zone start for each node
[    0.000000] Early memory node ranges
[    0.000000]   node   0: [mem 0x0000000000001000-0x000000000009efff]
[    0.000000]   node   0: [mem 0x0000000000100000-0x000000003ffeffff]
[    0.000000] Reserved but unavailable: 114 pages
[    0.000000] Initmem setup node 0 [mem 0x0000000000001000-0x000000003ffeffff]
[    0.000000] ACPI: PM-Timer IO Port: 0x4008
[    0.00000] IOAPIC[0]: apic_id 2, version 32, address 0xfec00000, GSI 0-23
[    0.000000] ACPI: INT_SRC_OVR (bus 0 bus_irq 0 global_irq 2 dfl dfl)
[    0.000000] ACPI: INT_SRC_OVR (bus 0 bus_irq 9 global_irq 9 low level)
[    0.000000] Using ACPI (MADT) for SMP configuration information
[    0.000000] smpboot: Allowing 2 CPUs, 0 hotplug CPUs
[    0.000000] PM: Registered nosave memory: [mem 0x00000000-0x00000fff]
[    0.000000] PM: Registered nosave memory: [mem 0x0009f000-0x0009ffff]
[    0.000000] PM: Registered nosave memory: [mem 0x000a0000-0x000effff]
[    0.000000] PM: Registered nosave memory: [mem 0x000f0000-0x000fffff]
[    0.000000] e820: [mem 0x40000000-0xfebfffff] available for PCI devices
[    0.000000] Booting paravirtualized kernel on KVM
[    0.000000] clocksource: refined-jiffies: mask: 0xffffffff max_cycles: 0xffffffff, x_dle_n 74551960021158 ns[    00000] randomge_randobytes ald from sar_kernel+x99/x4 witcrg_in=0
[  000000 stup_rcu: NCPS:8192 n_cpuas_bits:2 nr_cpu_ids:2 nr_node_ids:1
[    0.000000] perpu: Embedded 46 pages/cpu @      (ptral s15152 81922872 u0476
[   000000] P qpinlk ash ab entri: 56 (orr: 0, 09byte
    0.000]uit 1 neis, obility groung on. Ttal pages: 257913
[    0.000000] Policy zone: DMA32
[    0.000000] Kernel command line: BOOT_IMAGE=/boot/vmlinuz-4.15.0-50-generic root=UUID=b107e13a-a447-4cba-8c88-d14fcf8970b0 ro console=tty1 console=ttyS0
[    0.000000] Memory: 983064K/1048120K available (12300K kernel code, 2474K rwdata, 4276K rodata, 2412K init, 2416K bss, 65056K reserved, 0K cma-reserved)
[    0.000000] SLUB: HWalign=64, Order=0-3, MinObjects=0, CPUs=2, Nodes=1
[    0.000000] Kernel/User page tables isolation: enabled
[    0.000000] ftrace: allocating 39233 entries in 154 pages
[    0.004000] Hierarchical RCU implementation.
[    0.004000] 	RCU restricting CPUs from NR_CPUS=8192 to nr_cpu_ids=2.
[    0.004000] 	Tasks RCU enabled.
[    0.004000] RCU: Adjusting geometry for rcu_fanout_leaf=16, nr_cpu_ids=2
[    0.004000] NR_IRQS: 524544, nr_irqs: 440, preallocated irqs: 16
[    0.004000] Console: colour VGA+ 80x25
[    0.004000] console [tty1] enabled
[    0.004000] console [ttyS0] enabled
[    0.004000] ACPI: Core revision 20170831
[    0.004000] ACPI: 2 ACPI AML tables successfully acquired and loaded
[    0.004000] APIC: Switch to symmetric I/O mode setup
[    0.004000] x2apic enabled
[    0.004000] Switched APIC routing to physical x2apic.
[    0.004000] ..TIMER: vector=0x30 apic1=0 pin1= apic2=-1 pin2=-1
[    0.004006] tsc: Detected 2592.000 MHz processor
[    0.008011] Calibrating delay loop (skipped) preset value.. 5184.00 BogoMIPS (lpj=10368000)
[    0.012006] pid_max: default: 32768 minimum: 301
[    0.016035] Security Framework initialized
[    0.016882] Yama: becoming mindful.
[    0.017585] AppArmor: AppArmor initialized
[    0.021544] Dentry cache hash table entries: 131072 (order: 8, 1048576 bytes)
[    0.023255] Inode-cache hash table entries: 65536 (order: 7, 524288 bytes)
[    0.024018] Mount-cache hash table entries: 2048 (order: 2, 16384 bytes)
[    0.025256] Mountpoint-cache hash table entries: 2048 (order: 2, 16384 bytes)
[    0.026716] mce: CPU supports 0 MCE banks
[    0.028011] Last level iTLB entries: 4KB 64, 2MB 8, 4MB 8
[    0.032005] Last level dTLB entries: 4KB 64, 2MB 0, 4MB 0, 1GB 4
[    0.036007] Spectre V2 : Mitigation: Full generic retpoline
[    0.040005] Spectre V2 : Spectre v2 / SpectreRSB mitigation: Filling RSB on context switch
[    0.044004] Speculative Store Bypass: Vulnerable
[    0.048042] MDS: Vulnerable: Clear CPU buffers attempted, no microcode
[    0.052093] Freeing SMP alternatives memory: 36K
[    0.056000] smpboot: CPU0: Intel(R) Core(TM) i7-8850H CPU @ 2.60GHz (family: 0x6, model: 0x9e, stepping: 0xa)
[    0.056072] Performance Events: unsupported p6 CPU model 158 no PMU driver, software events only.
[    0.060047] Hierarchical SRCU implementation.
[    0.064458] NMI watchdog: Perf event create on CPU 0 failed with -2
[    0.068005] NMI watchdog: Perf NMI watchdog permanently disabled
[    0.072059] smp: Bringing up secondary CPUs ...
[    0.076102] x86: Booting SMP configuration:
[    0.080020] .... node  #0, CPUs:      #1
[    0.004000] kvm-clock: cpu 1, msr 0:3ff44041, secondary cpu clock
[    0.004000] mce: CPU supports 0 MCE banks
[    0.087467] smp: Brought up 1 node, 2 CPUs
[    0.088006] smpboot: Max logical packages: 1
[    0.092004] smpboot: Total of 2 processors activated (10368.00 BogoMIPS)
[    0.093473] devtmpfs: initialized
[    0.093473] x86/mm: Memory block size: 128MB
[    0.096107] evm: security.selinux
[    0.096820] evm: security.SMACK64
[    0.097490] evm: security.SMACK64EXEC
[    0.098223] evm: security.SMACK64TRANSMUTE
[    0.099053] evm: security.SMACK64MMAP
[    0.100002] evm: security.apparmor
[    0.100690] evm: security.ima
[    0.101735] evm: security.capability
[    0.102697] clocksource: jiffies: mask: 0xffffffff max_cycles: 0xffffffff, max_idle_ns: 7645041785100000 ns
[    0.104025] futex hash table entries: 512 (order: 3, 32768 bytes)
[    0.108086] pinctrl core: initialized pinctrl subsystem
[    0.112106] RTC time: 11:41:57, date: 05/22/19
[    0.113138] NET: Registered protocol family 16
[    0.114056] audit: initializing netlink subsys (disabled)
[    0.116027] audit: type=2000 audit(1558525317.467:1): state=initialized audit_enabled=0 res=1
[    0.120008] cpuidle: using governor ladder
[    0.120796] cpuidle: using governor menu
[    0.121619] ACPI: bus type PCI registered
[    0.124006] acpiphp: ACPI Hot Plug PCI Controller Driver version: 0.5
[    0.128108] PCI: Using configuration type 1 for base access
[    0.132716] HugeTLB registered 2.00 MiB page size, pre-allocated 0 pages
[    0.140128] ACPI: Added _OSI(Module Device)
[    0.144007] ACPI: Added _OSI(Processor Device)
[    0.148006] ACPI: Added _OSI(3.0 _SCP Extensions)
[    0.152006] ACPI: Added _OSI(Processor Aggregator Device)
[    0.156007] ACPI: Added _OSI(Linux-Dell-Video)
[    0.160008] ACPI: Added _OSI(Linux-Lenovo-NV-HDMI-Audio)
[    0.164008] ACPI: Added _OSI(Linux-HPI-Hybrid-Graphics)
[    0.168405] ACPI: Executed 1 blocks of module-level executable AML code
[    0.174535] ACPI: Interpreter enabled
[    0.176014] ACPI: (supports S0 S5)
[    0.176728] ACPI: Using IOAPIC for interrupt routing
[    0.177927] PCI: Using host bridge windows from ACPI; if necessary, use "pci=nocrs" and report a bug
[    0.180205] ACPI: Enabled 2 GPEs in block 00 to 07
[    0.186544] ACPI: PCI Root Bridge [PCI0] (domain 0000 [bus 00-ff])
[    0.188009] acpi PNP0A03:00: _OSC: OS supports [ASPM ClockPM Segments MSI]
[    0.189349] acpi PNP0A03:00: _OSC: not requesting OS control; OS requires [ExtendedConfig ASPM ClockPM MSI]
[    0.191283] acpi PNP0A03:00: fail to add MMCONFIG information, can't access extended PCI configuration space under this bridge.
[    0.192487] PCI host bridge to bus 0000:00
[    0.193352] pci_bus 0000:00: root bus resource [io  0x0000-0x0cf7 window]
[    0.196022] pci_bus 0000:00: root bus resource [io  0x0d00-0xffff window]
[    0.197348] pci_bus 0000:00: root bus resource [mem 0x000a0000-0x000bffff window]
[    0.200005] pci_bus 0000:00: root bus resource [mem 0x40000000-0xfdffffff window]
[    0.201431] pci_bus 0000:00: root bus resource [bus 00-ff]
[    0.205628] pci 0000:00:01.1: legacy IDE quirk: reg 0x10: [io  0x01f0-0x01f7]
[    0.208007] pci 0000:00:01.1: legacy IDE quirk: reg 0x14: [io  0x03f6]
[    0.212007] pci 0000:00:01.1: legacy IDE quirk: reg 0x18: [io  0x0170-0x0177]
[    0.216006] pci 0000:00:01.1: legacy IDE quirk: reg 0x1c: [io  0x0376]
[    0.235071] pci 0000:00:07.0: quirk: [io  0x4000-0x403f] claimed by PIIX4 ACPI
[    0.236026] pci 0000:00:07.0: quirk: [io  0x4100-0x410f] claimed by PIIX4 SMB
[    0.249765] ACPI: PCI Interrupt Link [LNKA] (IRQs 5 9 10 *11)
[    0.252580] ACPI: PCI Interrupt Link [LNKB] (IRQs 5 9 *10 11)
[    0.253884] ACPI: PCI Interrupt Link [LNKC] (IRQs 5 *9 10 11)
[    0.256149] ACPI: PCI Interrupt Link [LNKD] (IRQs 5 9 10 *11)
[    0.257570] SCSI subsystem initialized
[    0.260030] pci 0000:00:02.0: vgaarb: setting as boot VGA device
[    0.261273] pci 0000:00:02.0: vgaarb: VGA device added: decodes=io+mem,owns=io+mem,locks=none
[    0.263091] pci 0000:00:02.0: vgaarb: bridge control possible
[    0.264006] vgaarb: loaded
[    0.264632] ACPI: bus type USB registered
[    0.265449] usbcore: registered new interface driver usbfs
[    0.266674] usbcore: registered new interface driver hub
[    0.268021] usbcore: registered new device driver usb
[    0.269086] EDAC MC: Ver: 3.0.0
[    0.269086] PCI: Using ACPI for IRQ routing
[    0.269494] NetLabel: Initializing
[    0.272003] NetLabel:  domain hash size = 128
[    0.273070] NetLabel:  protocols = UNLABELED CIPSOv4 CALIPSO
[    0.274197] NetLabel:  unlabeled traffic allowed by default
[    0.276087] clocksource: Switched to clocksource kvm-clock
[    0.287906] VFS: Disk quotas dquot_6.6.0
[    0.288867] VFS: Dquot-cache hash table entries: 512 (order 0, 4096 bytes)
[    0.290321] AppArmor: AppArmor Filesystem Enabled
[    0.291249] pnp: PnP ACPI init
[    0.2981pn PnP AI:ou 3eves
[  0662]locsoceac_p mk:0xffffaxyces: 0xffffff,maid_ns: 2085701024 ns

[    1.346870] NET: Registered protocol family 2
[    1.349794] TCP established hash table entries: 8192 (order: 4, 65536 bytes)
[    1.351407] TCP bind hash table entries: 8192 (order: 5, 131072 bytes)
[    1.352721] TCP: Hash tables configured (established 8192 bind 8192)
[    1.354228] UDP hash table entries: 512 (order: 2, 16384 bytes)
[    1.355419] UDP-Lite hash table entries: 512 (order: 2, 16384 bytes)
[    1.356829] NET: Registered protocol family 1
[    1.358141] pci 0000:00:00.0: Limiting direct PCIPCI aners
[  1815]ci00001. AivinISDMha wkaun
  2.16786]ci000002.0Video vi wh aded R a[m 000000x0dff
[  3076]npkig inras.
[    3.588329] Freeing initrd memory: 19512K
[    3.682052] clocksource: tsc: mask: 0xffffffffffffffff max_cycles: 0x255cb6cc5db, max_idle_ns: 440795203504 ns
[    3.693391] platform rtc_cmos: registered platform RTC device (no PNP device found)
[    3.695043] Scanning for low memory corruption every 60 seconds
[    3.696911] Initialise system trusted keyrings
[    3.697910] Key type blacklist registered
[    3.698927] workingset: timestamp_bits=36 max_order=18 bucket_order=0
[    3.701045] zbud: loaded
[    3.702095] squashfs: version 4.0 (2009/01/31) Phillip Lougher
[    3.703528] fuse init (API version 7.26)
[    3.709256] Key type asymmetric registered
[    3.710238] Asymmetric key parser 'x509' registered
[    3.711367] Block layer SCSI generic (bsg) driver version 0.4 loaded (major 246)
[    3.713045] io scheduler noop registered
[    3.713907] io scheduler deadline registered
[    3.714823] io scheduler cfq registered (default)
[    3.716354] ACPI: AC Adapter [AC] (on-line)
[    3.717308] input: Power Button as /devices/LNXSYSTM:00/LNXPWRBN:00/input/input0
[    3.718969] ACPI: Power Button [PWRF]
[    3.719894] input: Sleep Button as /devices/LNXSYSTM:00/LNXSLPBN:00/input/input1
[    3.721638] ACPI: Sleep Button [SLPF]
[    3.724242] Serial: 8250/16550 driver, 32 ports, IRQ sharing enabled
[    3.725516] ACPI: Battery Slot [BAT0] (battery present)
[    3.750588] 00:02: ttyS0 at I/O 0x3f8 (irq = 4, base_baud = 115200) is a 16550A
[    3.770154] Linux agpgart interface v0.103
[    3.772681] loop: module loaded
[    3.774175] scsi host0: ata_piix
[    3.775095] scsi host1: ata_piix
[    3.775853] ata1: PATA max UDMA/33 cmd 0x1f0 ctl 0x3f6 bmdma 0xd000 irq 14
[    3.777392] ata2: PATA max UDMA/33 cmd 0x170 ctl 0x376 bmdma 0xd008 irq 15
[    3.779006] libphy: Fixed MDIO Bus: probed
[    3.779916] tun: Universal TUN/TAP device driver, 1.6
[    3.781155] PPP generic driver version 2.4.2
[    3.782174] ehci_hcd: USB 2.0 'Enhanced' Host Controller (EHCI) Driver
[    3.783532] ehci-pci: EHCI PCI platform driver
[    3.784522] ehci-platform: EHCI generic platform driver
[    3.785734] ohci_hcd: USB 1.1 'Open' Host Controller (OHCI) Driver
[    3.787198] ohci-pci: OHCI PCI platform driver
[    3.788236] ohci-platform: OHCI generic platform driver
[    3.789274] uhci_hcd: USB Universal Host Controller Interface driver
[    3.790587] i8042: PNP: PS/2 Controller [PNP0303:PS2K,PNP0f03:PS2M] at 0x60,0x64 irq 1,12
[    3.792619] serio: i8042 KBD port at 0x60,0x64 irq 1
[    3.793621] serio: i8042 AUX port at 0x60,0x64 irq 12
[    3.794802] mousedev: PS/2 mouse device common for all mice
[    3.796326] rtc_cmos rtc_cmos: rtc core: registered rtc_cmos as rtc0
[    3.797693] rtc_cmos rtc_cmos: alarms up to one day, 114 bytes nvram
[    3.798968] i2c /dev entries driver
[    3.799721] pcie_mp2_amd: AMD(R) PCI-E MP2 Communication Driver Version: 1.0
[    3.801172] input: AT Translated Set 2 keyboard as /devices/platform/i8042/serio0/input/input2
[    3.803050] device-mapper: uevent: version 1.0.3
[    3.804010] device-mapper: ioctl: 4.37.0-ioctl (2017-09-20) initialised: dm-devel@redhat.com
[    3.805728] ledtrig-cpu: registered to indicate activity on CPUs
[    3.952246] NET: Registered protocol family 10
[    4.063715] Segment Routing with IPv6
[    4.153276] NET: Registered protocol family 17
[    4.261805] Key type dns_resolver registered
[    4.390460] RAS: Correctable Errors collector initialized.
[    4.540307] sched_clock: Marking stable (4540272821, 0)->(12477182809, -7936909988)
[    4.581621] registered taskstats version 1
[    4.582489] Loading compiled-in X.509 certificates
[    4.585463] Loaded X.509 cert 'Build time autogenerated kernel key: 0d5cb4b7de8533fd8e7240d711ae9d354ea3dca1'
[    4.587416] zswap: loaded using pool lzo/zbud
[    4.591447] Key type big_key registered
[    4.592348] Key type trusted registered
[    4.594670] Key type encrypted registered
[    4.595587] AppArmor: AppArmor sha1 policy hashing enabled
[    4.597803] ima: No TPM chip found, activating TPM-bypass! (rc=-19)
[    4.599050] ima: Allocated hash algorithm: sha1
[    4.600017] evm: HMAC attrs: 0x1
[    4.601018]   Magic number: 3:944:681
[    4.601867] rtc_cmos rtc_cmos: setting system clock to 2019-05-22 11:42:04 UTC (1558525324)
[    4.603744] BIOS EDD facility v0.16 2004-Jun-25, 0 devices found
[    4.608430] EDD information not available.
[    4.611567] Freeing unused kernel image memory: 2412K
[    4.636511] Write protecting the kernel read-only data: 20480k
[    4.796285] Freeing unused kernel image memory: 2008K
[    4.853338] Freeing unused kernel image memory: 1868K
[    4.858409] x86/mm: Checked W+X mappings: passed, no W+X pages found.
[    4.884673] x86/mm: Checking user space page tables
[    5.017008] x86/mm: Checked W+X mappings: passed, no W+X pages found.
Loading, please wait...
starting version 237
[    5.202409] e1000: Intel(R) PRO/1000 Network Driver - version 7.3.21-k8-NAPI
[    5.344577] e1000: Copyright (c) 1999-2006 Intel Corporation.
[    5.520466] Fusion MPT base driver 3.04.20
[    5.620413] Copyright (c) 1999-2008 LSI Corporation
[    5.664224] Fusion MPT SPI Host driver 3.04.20
[    5.670312] AVX2 version of gcm_enc/dec engaged.
[    5.671340] AES CTR mode by8 optimization enabled
[    5.875848] input: ImExPS/2 Generic Explorer Mouse as /devices/platform/i8042/serio1/input/input4
[    6.020524] e1000 0000:00:03.0 eth0: (PCI:33MHz:32-bit) 02:35:4a:03:dd:91
[    6.020527] e1000 0000:00:03.0 eth0: Intel(R) PRO/1000 Network Connection
[    6.434740] e1000 0000:00:08.0 eth1: (PCI:33MHz:32-bit) 08:00:27:03:24:13
[    7.867775] e1000 0000:00:08.0 eth1: Intel(R) PRO/1000 Network Connection
[    8.038530] e1000 0000:00:08.0 enp0s8: renamed from eth1
[    8.050637] mptbase: ioc0: Initiating bringup
[    8.144531] ioc0: LSI53C1030 A0: Capabilities={Initiator}
[    8.402055] scsi host2: ioc0: LSI53C1030 A0, FwRev=00000000h, Ports=1, MaxQ=256, IRQ=20
[    8.588668] scsi 2:0:0:0: Direct-Access     VBOX     HARDDISK         1.0  PQ: 0 ANSI: 5
[    8.908400] e1000 0000:00:03.0 enp0s3: renamed from eth0
[    8.924488] scsi target2:0:0: Beginning Domain Validation
[    9.943763] scsi target2:0:0: Domain Validation skipping write tests
[    9.965977] scsi target2:0:0: Ending Domain Validation
[    9.969979] scsi target2:0:0: asynchronous
[    9.972810] scsi 2:0:1:0: Direct-Access     VBOX     HARDDISK         1.0  PQ: 0 ANSI: 5
[   10.004563] scsi target2:0:1: Beginning Domain Validation
[   10.131380] random: fast init done
[   10.703969] scsi target2:0:1: Domain Validation skipping write tests
[   10.934421] scsi target2:0:1: Ending Domain Validation
[   11.044902] scsi target2:0:1: asynchronous
[   11.050302] random: systemd-udevd: uninitialized urandom read (16 bytes read)
[   11.053176] random: systemd-udevd: uninitialized urandom read (16 bytes read)
[   11.053201] sd 2:0:0:0: Attached scsi generic sg0 type 0
[   11.054755] sd 2:0:1:0: Attached scsi generic sg1 type 0
[   11.058227] random: systemd-udevd: uninitialized urandom read (16 bytes read)
[   11.059774] sd 2:0:0:0: [sda] 20971520 512-byte logical blocks: (10.7 GB/10.0 GiB)
[   11.061803] sd 2:0:0:0: [sda] Write Protect is off
[   11.062825] sd 2:0:1:0: [sdb] 20480 512-byte logical blocks: (10.5 MB/10.0 MiB)
[   11.064390] sd 2:0:1:0: [sdb] Write Protect is off
[   11.065528] sd 2:0:0:0: [sda] Incomplete mode parameter data
[   11.069576] sd 2:0:0:0: [sda] Assuming drive cache: write through
[   11.069641] sd 2:0:1:0: [sdb] Incomplete mode parameter data
[   11.069642] sd 2:0:1:0: [sdb] Assuming drive cache: write through
[   11.075773]  sda: sda1
[   11.077006] sd 2:0:1:0: [sdb] Attached SCSI disk
[   11.077990] sd 2:0:0:0: [sda] Attached SCSI disk
Begin: Loading essential drivers ... [   12.428115] raid6: sse2x1   gen() 13763 MB/s
[   12.668474] raid6: sse2x1   xor()  9943 MB/s
[   12.850513] raid6: sse2x2   gen() 18433 MB/s
[   13.070052] raid6: sse2x2   xor() 11996 MB/s
[   13.257114] raid6: sse2x4   gen() 18819 MB/s
[   13.428569] raid6: sse2x4   xor() 12039 MB/s
[   13.656022] raid6: avx2x1   gen() 28425 MB/s
[   13.881006] raid6: avx2x1   xor() 20506 MB/s
[   14.068519] raid6: avx2x2   gen() 34388 MB/s
[   14.248305] raid6: avx2x2   xor() 21954 MB/s
[   14.340119] raid6: avx2x4   gen() 36720 MB/s
[   14.533057] raid6: avx2x4   xor() 23911 MB/s
[   14.710842] raid6: using algorithm avx2x4 gen() 36720 MB/s
[   14.905947] raid6: .... xor() 23911 MB/s, rmw enabled
[   15.042091] raid6: using avx2x2 recovery algorithm
[   15.239111] xor: automatically using best checksumming function   avx       
[   15.371006] async_tx: api initialized (async)
done.
Begin: Running /scripts/init-premount ... done.
Begin: Mounting root file system ... Begin: Running /scripts/local-top ... done.
Begin: Running /scripts/local-premount ... [   15.408542] Btrfs loaded, crc32c=crc32c-intel
Scanning for Btrfs filesystems
done.
Warning: fsck not present, so sk[   15.503956] EXT4-fs (sda1): mounted filesystem with ordered data mode. Opts: (null)
ipping root file system
done.
Begin: Running /scripts/local-bottom ... done.
Begin: Running /scripts/init-bottom ... done.
[   15.887498] ip_tables: (C) 2000-2006 Netfilter Core Team
[   16.081393] systemd[1]: systemd 237 running in system mode. (+PAM +AUDIT +SELINUX +IMA +APPARMOR +SMACK +SYSVINIT +UTMP +LIBCRYPTSETUP +GCRYPT +GNUTLS +ACL +XZ +LZ4 +SECCOMP +BLKID +ELFUTILS +KMOD -IDN2 +IDN -PCRE2 default-hierarchy=hybrid)
[   16.266120] systemd[1]: Detected virtualization oracle.
[   16.300571] systemd[1]: Detected architecture x86-64.

Welcome to [1mUbuntu 18.04.2 LTS[0m!

[   16.340860] systemd[1]: Set hostname to <ubuntu-bionic>.
[   17.640753] systemd[1]: Set up automount Arbitrary Executable File Formats File System Automount Point.
[[0;32m  OK  [0m] Set up automount Arbitrary Executabâ€¦rmats File System Automount Point.
[   17.644073] systemd[1]: Reached target Swap.
[[0;32m  OK  [0m] Reached target Swap.
[   17.645678] systemd[1]: Reached target System Time Synchronized.
[[0;32m  OK  [0m] Reached target System Time Synchronized.
[   17.692173] systemd[1]: Created slice System Slice.
[[0;32m  OK  [0m] Created slice System Slice.
[   18.316798] systemd[1]: Created slice system-serial\x2dgetty.slice.
[[0;32m  OK  [0m] Created slice system-serial\x2dgetty.slice.
[   18.702681] systemd[1]: Listening on Network Service Netlink Socket.
[[0;32m  OK  [0m] Listening on Network Service Netlink Socket.
[[0;32m  OK  [0m] Listening on Syslog Socket.
[[0;32m  OK  [0m] Listening on LVM2 poll daemon socket.
[[0;32m  OK  [0m] Listening on Device-mapper event daemon FIFOs.
[[0;32m  OK  [0m] Listening on Journal Socket (/dev/log).
[[0;32m  OK  [0m] Reached target User and Group Name Lookups.
[[0;32m  OK  [0m] Listening on Journal Socket.
         Starting Create list of required stâ€¦ce nodes for the current kernel...
         Mounting Huge Pages File System...
         Starting Set the console keyboard layout...
         Starting Remount Root and Kernel File S[   19.581041] EXT4-fs (sda1): re-mounted. Opts: (null)
ystems...
         Starting Load Kernel Modules...
         Mounting POSIX Message Queue File System...
         Starting Uncomplicated firewall...
[[0;32m  OK  [0m] Created slice User and Session Slice.
[   19.764382] Loading iSCSI transport class v2.0-870.
[[0;32m  OK  [0m] Reached target Slices.
[[0;32m  OK  [0m] Listening on udev Control Socket.
[[0;32m  OK  [0m] Listening on Journal Audit Socket.
         Starting Journal Service...
[   19.784923] iscsi: registered transport (tcp)
[[0;32m  OK  [0m] Listening on /dev/initctl Compatibility Named Pipe.
[[0;32m  OK  [0m] Listening on udev Kernel Socket.
[   19.804660] iscsi: registered transport (iser)
         Starting udev Coldplug all Devices...
[[0;32m  OK  [0m] Started Forward Password Requests to Wall Directory Watch.
         Mounting Kernel Debug File System...
[[0;32m  OK  [0m] Listening on LVM2 metadata daemon socket.
         Starting Monitoring of LVM2 mirrorsâ€¦ng dmeventd or progress polling...
[[0;32m  OK  [0m] Started Journal Service.
[[0;32m  OK  [0m] Started Create list of required staâ€¦vice nodes for the current kernel.
[[0;32m  OK  [0m] Mounted Huge Pages File System.
[[0;32m  OK  [0m] Started Set the console keyboard layout.
[[0;32m  OK  [0m] Started Remount Root and Kernel File Systems.
[[0;32m  OK  [0m] Started Load Kernel Modules.
[[0;32m  OK  [0m] Mounted POSIX Message Queue File System.
[[0;32m  OK  [0m] Started Uncomplicated firewall.
[[0;32m  OK  [0m] Mounted Kernel Debug File System.
[[0;32m  OK  [0m] Started udev Coldplug all Devices.
[[0;32m  OK  [0[   20.227197] random: crng init done
m] Started LVM2 [   20.344591] random: 7 urandom warning(s) missed due to ratelimiting
metadata daemon.
         Mounting FUSE Control File System...
         Mounting Kernel Configuration File System...
         Starting Apply Kernel Variables...
         Starting Load/Save Random Seed...
         Starting Create Static Device Nodes in /dev...
         Starting Flush Journal to Persistent Storage...
[[0;32m  OK  [0m] Started Monitoring of LVM2 mirrors,â€¦sing dmeventd or progress polling.
[[0;32m  OK  [0m] Mounted FUSE Control File System.
[[0;32m  OK  [0m] Mounted Kernel Configuration File System.
[[0;32m  OK  [0m] Started Apply Kernel Variables.
[[0;32m  OK  [0m] Started Load/Save Random Seed.
[[0;32m  OK  [0m] Started Create Static Device Nodes in /dev.
         Starting udev Kernel Device Manager...
[[0;32m  OK  [0m] Reached target Local File Systems (Pre).
[[0;32m  OK  [0m] Reached target Local File Systems.
         Starting Tell Plymouth To Write Out Runtime Data...
         Starting ebtables ruleset management...
         Starting AppArmor initialization...
         Starting Set console font and keymap...
[[0;32m  OK  [0m] Started udev Kernel Device Manager.
[[0;32m  OK  [0m] Started Tell Plymouth To Write Out Runtime Data.
[[0;32m  OK  [0m] Started Set console font and keymap.
[[0;32m  OK  [0m] Started Dispatch Password Requests to Console Directory Watch.
[[0;32m  OK  [0m] Reached target Local Encrypted Volumes.
[[0;32m  OK  [0m] Started ebtables ruleset management.
[[0;32m  OK  [0m] Found device /dev/ttyS0.
[[0;32m  OK  [0m] Started Flush Journal to Persistent Storage.
         Starting Create Volatile Files and Directories...
[[0;32m  OK  [0m] Started Create Volatile Files and Directories.
[[0;32m  OK  [0m] Listening on Load/Save RF Kill Switch Status /dev/rfkill Watch.
         Starting Update UTMP about System Boot/Shutdown...
[[0;32m  OK  [0m] Started AppArmor initialization.
         Starting Initial cloud-init job (pre-networking)...
[[0;32m  OK  [0m] Started Update UTMP about System Boot/Shutdown.
[   22.177551] cloud-init[584]: Cloud-init v. 18.5-45-g3554ffe8-0ubuntu1~18.04.1 running 'init-local' at Wed, 22 May 2019 11:42:21 +0000. Up 21.98 seconds.
[[0;32m  OK  [0m] Started Initial cloud-init job (pre-networking).
[[0;32m  OK  [0m] Reached target Network (Pre).
         Starting Network Service...
[[0;32m  OK  [0m] Started Network Service.
         Starting Network Name Resolution...
         Starting Wait for Network to be Configured...
[[0;32m  OK  [0m] Started Network Name Resolution.
[[0;32m  OK  [0m] Reached target Host and Network Name Lookups.
[[0;32m  OK  [0m] Reached target Network.
[[0;32m  OK  [0m] Started Wait for Network to be Configured.
         Starting Initial cloud-init job (metadata service crawler)...
[   24.533146] cloud-init[707]: Cloud-init v. 18.5-45-g3554ffe8-0ubuntu1~18.04.1 running 'init' at Wed, 22 May 2019 11:42:24 +0000. Up 24.41 seconds.
[   24.620330] cloud-init[707]: ci-info: ++++++++++++++++++++++++++++++++++++++Net device info+++++++++++++++++++++++++++++++++++++++
[   24.623442] cloud-init[707]: ci-info: +--------+------+-----------------------------+---------------+--------+-------------------+
[   24.672216] cloud-init[707]: ci-info: | Device |  Up  |           Address           |      Mask     | Scope  |     Hw-Address    |
[   24.756822] cloud-init[707]: ci-info: +--------+------+-----------------------------+---------------+--------+-------------------+
[[0;32m  OK  [0m] Started Initial cloud-init job (metadata service crawler).
[   24.758348] [[0;32m  OK  [0m] Reached target Cloud-config availability.
[[0;32m  OK  [0m] Reached target System Initialization.
         Starting Socket activation for snappy daemon.
[[0;32m  OK  [0m] Listening on UUID daemon activation socket.
[[0;32m  OK  [0m] Listening on D-Bus System Message Bus Socket.
cloud-init[707]: ci-info: | enp0s3 | True |          10.0.2.15          | 255.255.255.0 | global | 02:35:4a:03:dd:91 |
[   25.017058] [cloud-init[0;32m  OK  [0m[707]: ] ci-info: | enp0s3 | True |  fe80::35:4aff:fe03:dd91/64 |       .       |  link  | 02:35:4a:03:dd:91 |Started Daily apt download activities.

         Starting LXD - unix socket.
[   25.099844] [[0;32m  OK  [0m] Started Daily Cleanup of Temporary Directories.
cloud-init[707]: ci-info: | enp0s8 | True |        192.168.33.10        | 255.255.255.0 | global | 08:00:27:03:24:13 |
[[0;32m  OK  [0m] Started ACPI Events Check.
[   25.134283] cloud-init[[0;32m  OK  [0m] Reached target Paths.
[[0;32m  OK  [0m] Listening on Open-iSCSI iscsid Socket.
[[0;32m  OK  [0m] Started Daily apt upgrade and clean activities.
[[0;32m  OK  [0m] Started Discard unused blocks once a week.
[[0;32m  OK  [0m] Listening on ACPID Listen Socket.
[707]: ci-info: | enp0s8 | True | fe80::a00:27ff:fe03:2413/64 |       .       |  link  | 08:00:27:03:24:13 |
[[0;32m  OK  [0m] Started Message of the Day.
[   25.209631] [cloud-init[0;32m  OK  [0m[707]: ] ci-info: |   lo   | True |          127.0.0.1          |   255.0.0.0   |  host  |         .         |Reached target Timers.

[[0;32m  OK  [0m] Reached target Network is Online.
[   25.245776] cloud-init[[0;32m  OK  [0m] Reached target Remote File Systems (Pre).
[[0;32m  OK  [0m] Reached target Remote File Systems.
         Starting Availability of block devices...
[[0;32m  OK  [0m] Listening on Socket activation for snappy daemon.
[[0;32m  OK  [0m] Listening on LXD - unix socket.
[[0;32m  OK  [0m] Reached target Sockets.
[[0;32m  OK  [0m] Reached target Basic System.
         Starting Permit User Sessions...
         Starting Dispatcher daemon for systemd-networkd...
         Starting vboxadd.service...
         Starting Accounts Service...
[707]:          Starting LSB: automatic crash report generation...
[[0;32m  OK  [0m] Started D-Bus System Message Bus.
ci-info: |   lo   | True |           ::1/128           |       .       |  host  |         .         |
[   25.267899] cloud-init[707]: ci-info: +--------+------+-----------------------------+---------------+--------+-------------------+
[   25.270778] cloud-init[707]: ci-info: +++++++++++++++++++++++++++++Route IPv4 info+++++++++++++++++++++++++++++
[   25.274547] cloud-init[707]: ci-info: +-------+--------------+----------+-----------------+-----------+-------+
[   25.276939] cloud-init[707]: ci-info: | Route | Destination  | Gateway  |     Genmask     | Interface | Flags |
[   25.279298] cloud-init[707]: ci-info: +-------+--------------+----------+-----------------+-----------+-------+
[   25.281738] cloud-init[707]: ci-info: |   0   |   0.0.0.0    | 10.0.2.2 |     0.0.0.0     |   enp0s3  |   UG  |
[   25.288782] cloud-init[707]: ci-info: |   1   |   10.0.2.0   | 0.0.0.0  |  255.255.255.0  |   enp0s3  |   U   |
[   25.290540] cloud-init[707]: ci-info: |   2   |   10.0.2.2   | 0.0.0.0  | 255.255.255.255 |   enp0s3  |   UH  |
[   25.293402] cloud-init[707]: ci-info: |   3   | 192.168.33.0 | 0.0.0.0  |  255.255.255.0  |   enp0s8  |   U   |
[   25.295155] cloud-init[707]: ci-info: +-------+--------------+----------+-----------------+-----------+-------+
[   25.300787] cloud-init[707]: ci-info: +++++++++++++++++++Route IPv6 info+++++++++++++++++++
[   25.302818] cloud-init[707]: ci-info: +-------+-------------+---------+-----------+-------+
[   25.304973] cloud-init[707]: ci-info: | Route | Destination | Gateway | Interface | Flags |
         Starting LSB: Record successful boot for GRUB...
[   25.350947] cloud-init[707]: ci-info: +-------+-------------+---------+-----------+-------+
[   25.380800] [[0;32m  OK  [0m] Started Regular background program processing daemon.
cloud-init[707]: ci-info: |   1   |  fe80::/64  |    ::   |   enp0s8  |   U   |
         Starting LXD - container startup/shutdown...
[   25.417946] cloud-init[707]: ci-info: |   2   |  fe80::/64  |    ::   |   enp0s3  |   U   |
[   25.429698] cloud-init[707]: ci-info: |   4   |    local    |    ::   |   enp0s3  |   U   |
[   25.431714] cloud-init[707]: ci-info: |   5   |    local    |    ::   |   enp0s8  |   U   |
[   25.433835] cloud-init[707]: ci-info: |   6   |   ff00::/8  |    ::   |   enp0s8  |   U   |
[   25.436129] cloud-init[707]: ci-info: |   7   |   ff00::/8  |    ::   |   enp0s3  |   U   |
[   25.439908] cloud-init[707]: ci-info: +-------+-------------+---------+-----------+-------+
[[0;32m  OK  [0m] Started irqbalance daemon.
         Starting Login Service...
[[0;32m  OK  [0m] Started FUSE filesystem for LXC.
         Starting System Logging Service...
         Starting OpenBSD Secure Shell server...
[[0;32m  OK  [0m] Started Deferred execution scheduler.
         Starting Snappy daemon...
[[0;32m  OK  [0m] Started System Logging Service.
[[0;32m  OK  [0m] Started Availability of block devices.
[[0;32m  OK  [0m] Started Permit User Sessions.
[[0;32m  OK  [0m] Started LXD - container startup/shutdown.
[[0;32m  OK  [0m] Started OpenBSD Secure Shell server.
[[0;32m  OK  [0m] Started Dispatcher daemon for systemd-networkd.
[[0;32m  OK  [0m] Started Login Service.
[[0;32m  OK  [0m] Started Snappy daemon.
[[0;32m  OK  [0m] Created slice User Slice of vagrant.
         Starting Wait until snapd is fully seeded...
[[0;32m  OK  [0m] Started Unattended Upgrades Shutdown.
         Starting Authorization Manager...
         Starting Terminate Plymouth Boot Screen...
         Starting Hold until boot process finishes up...
[[0;32m  OK  [0m] Started vboxadd.service.
[[0;32m  OK  [0m] Started LSB: automatic crash report generation.
[[0;32m  OK  [0m] Started LSB: Record successful boot for GRUB.
[[0;32m  OK  [0m] Started Wait until snapd is fully seeded.
[[0;32m  OK  [0m] Started Terminate Plymouth Boot Screen.
[[0;32m  OK  [0m] Started Hold until boot process finishes up.
[[0;32m  OK  [0m] Started Authorization Manager.
[[0;32m  OK  [0m] Started Accounts Service.
[[0;32m  OK  [0m] Started Session 1 of user vagrant.
         Starting User Manager for UID 1000...
[[0;32m  OK  [0m] Started Serial Getty on ttyS0.
         Starting Set console scheme...
         Starting Apply the settings specified in cloud-config...
         Starting vboxadd-service.service...
[[0;32m  OK  [0m] Started Set console scheme.
[[0;32m  OK  [0m] Created slice system-getty.slice.
[[0;32m  OK  [0m] Started Getty on tty1.
[[0;32m  OK  [0m] Reached target Login Prompts.
[[0;32m  OK  [0m] Started vboxadd-service.service.
[[0;32m  OK  [0m] Reached target Multi-User System.
[[0;32m  OK  [0m] Reached target Graphical Interface.
         Starting Update UTMP about System Runlevel Changes...
[[0;32m  OK  [0m] Started Update UTMP about System Runlevel Changes.
[[0;32m  OK  [0m] Started User Manager for UID 1000.
[   26.849740] cloud-init[1214]: Cloud-init v. 18.5-45-g3554ffe8-0ubuntu1~18.04.1 running 'modules:config' at Wed, 22 May 2019 11:42:26 +0000. Up 26.75 seconds.
[[0;32m  OK  [0m] Started Apply the settings specified in cloud-config.
         Starting Execute cloud user/final scripts...
[   27.382402] cloud-init[1338]: Cloud-init v. 18.5-45-g3554ffe8-0ubuntu1~18.04.1 running 'modules:final' at Wed, 22 May 2019 11:42:27 +0000. Up 27.30 seconds.
[   27.415384] cloud-init[1338]: Cloud-init v. 18.5-45-g3554ffe8-0ubuntu1~18.04.1 finished at Wed, 22 May 2019 11:42:27 +0000. Datasource DataSourceNoCloud [seed=/dev/sdb][dsmode=net].  Up 27.37 seconds
[[0;32m  OK  [0m] Started Execute cloud user/final scripts.
[[0;32m  OK  [0m] Reached target Cloud-init target.

Ubuntu 18.04.2 LTS ubuntu-bionic ttyS0

ubuntu-bionic login:          Stopping Authorization Manager...
[[0;32m  OK  [0m] Stopped target Timers.
[[0;32m  OK  [0m] Stopped Daily apt upgrade and clean activities.
[[0;32m  OK  [0m] Stopped Daily apt download activities.
         Stopping Availability of block devices...
[[0;32m  OK  [0m] Stopped target Host and Network Name Loo         Stopping LSB: Record successful boot for GRUB...
         Stopping Getty on tty1...
         Stopping Unattended Upgrades Shutdown...
[[0;32m  OK  [0m] Stopped target Cloud-config availability.
         Stopping FUSE filesystem for LXC...
[[0;32m  OK  [0m] Stopped Discard unused blocks once a week.
[[0;32m  OK  [0m] Stopped target System Time Synchronized.
[[0;32m  OK  [0m] Unmounted /var/lib/lxcfs.
[[0;32m  OK  [0m] Stopped Dispatcher daemon for systemd-networkd.
[[0;32m  OK  [0m] Stopped Accounts Service.
[[0;32m  OK  [0m] Stopped Regular background program processing daemon.
[[0;32m  OK  [0m] Stopped irqbalance daemon.
[[0;32m  OK  [0m] Stopped System Logging Service.
[[0;32m  OK  [0m] Stopped Deferred execution scheduler.
[[0;32m  OK  [0m] Stopped OpenBSD Secure Shell server.
[[0;32m  OK  [0m] Stopped Unattended Upgrades Shutdown.
[[0;32m  OK  [0m] Stopped Authorization Manager.
[[0;32m  OK  [0m] Stopped Serial Getty on ttyS0.
[[0;32m  OK  [0m] Stopped Getty on tty1.
[[0;32m  OK  [0m] Stopped User Manager for UID 1000.
[[0;32m  OK  [0m] Stopped Availability of block devices.
[[0;32m  OK  [0m] Stopped D-Bus System Message Bus.
[[0;32m  OK  [0m] Stopped FUSE filesystem for LXC.
[[0;32m  OK  [0m] Stopped Session 5 of user vagrant.
[[0;32m  OK  [0m] Removed slice User Slice of vagrant.
[[0;32m  OK  [0m] Removed slice system-getty.slice.
[[0;32m  OK  [0m] Removed slice system-serial\x2dgetty.slice.
         Stopping Permit User Sessions...
         Stopping Login Service...
[[0;32m  OK  [0m] Stopped vboxadd-service.service.
[[0;32m  OK  [0m] Stopped LXD - container startup/shutdown.
[[0;32m  OK  [0m] Stopped Login Service.
[[0;32m  OK  [0m] Stopped Permit User Sessions.
[[0;32m  OK  [0m] Stopped target Network.
         Stopping Network Name Resolution...
[[0;32m  OK  [0m] Stopped target User and Group Name Lookups.
         Stopping vboxadd.service...
[[0;32m  OK  [0m] Stopped Network Name Resolution.
[[0;32m  OK  [0m] Stopped LSB: automatic crash report generation.
[[0;32m  OK  [0m] Stopped LSB: Record successful boot for GRUB.
[[0;32m  OK  [0m] Stopped target Remote File Systems.
[[0;32m  OK  [0m] Stopped target Remote File Systems (Pre).
         Stopping Network Service...
[[0;32m  OK  [0m] Unmounted /vagrant.
[[0;32m  OK  [0m] Stopped Network Service.
[[0;32m  OK  [0m] Stopped vboxadd.service.
[[0;32m  OK  [0m] Stopped target Basic System.
[[0;32m  OK  [0m] Stopped target Paths.
[[0;32m  OK  [0m] Stopped ACPI Events Check.
[[0;32m  OK  [0m] Stopped target Slices.
[[0;32m  OK  [0m] Removed slice User and Session Slice.
[[0;32m  OK  [0m] Stopped target Sockets.
[[0;32m  OK  [0m] Closed UUID daemon activation socket.
[[0;32m  OK  [0m] Closed LXD - unix socket.
[[0;32m  OK  [0m] Closed Open-iSCSI iscsid Socket.
[[0;32m  OK  [0m] Closed Syslog Socket.
[[0;32m  OK  [0m] Closed ACPID Listen Socket.
[[0;32m  OK  [0m] Closed D-Bus System Message Bus Socket.
[[0;32m  OK  [0m] Closed Socket activation for snappy daemon.
[[0;32m  OK  [0m] Stopped target System Initialization.
[[0;32m  OK  [0m] Stopped target Local Encrypted Volumes.
[[0;32m  OK  [0m] Stopped Forward Password Requests to Wall Directory Watch.
[[0;32m  OK  [0m] Stopped Dispatch Password Requests to Console Directory Watch.
         Stopping Load/Save Random Seed...
         Stopping Update UTMP about System Boot/Shutdown...
[[0;32m  OK  [0m] Stopped Initial cloud-init job (metadata service crawler).
[[0;32m  OK  [0m] Stopped target Network (Pre).
[[0;32m  OK  [0m] Stopped Initial cloud-init job (pre-networking).
[[0;32m  OK  [0m] Stopped Apply Kernel Variables.
[[0;32m  OK  [0m] Stopped Load Kernel Modules.
[[0;32m  OK  [0m] Stopped Load/Save Random Seed.
[[0;32m  OK  [0m] Stopped Update UTMP about System Boot/Shutdown.
[[0;32m  OK  [0m] Stopped Create Volatile Files and Directories.
[[0;32m  OK  [0m] Stopped target Local File Systems.
         Unmounting /run/user/1000...
[[0;32m  OK  [0m] Unmounted /run/user/1000.
[[0;32m  OK  [0m] Reached target Unmount All Filesystems.
[[0;32m  OK  [0m] Stopped target Local File Systems (Pre).
         Stopping Monitoring of LVM2 mirrorsâ€¦ng dmeventd or progress polling...
[[0;32m  OK  [0m] Stopped Create Static Device Nodes in /dev.
[[0;32m  OK  [0m] Stopped Remount Root and Kernel File Systems.
[[0;32m  OK  [0m] Stopped target Swap.
[[0;32m  OK  [0m] Reached target Shutdown.
[[0;32m  OK  [0m] Reached target Final Step.
         Starting Power-Off...
[[0;32m  OK  [0m] Stopped Monitoring of LVM2 mirrors,â€¦sing dmeventd or progress polling.
         Stopping LVM2 metadata daemon...
[[0;32m  OK  [0m] Stopped LVM2 metadata daemon.
[ 1645.904005] reboot: Power down
