[   0.000000 Lin vrsion 4.15.0-50-generic (buildd@lcy01-amd64-013) ((gcc version 7.3.0 (Ubuntu 7.3.0-16ubuntu3)) #54-Ubuntu SMP Mon May 6 18:46:08 UTC 2019 (Ubuntu 4.15.0-50.54-generic 4.15.18)
[    0.000000] Command line: BOOT_IMAGE=/boot/vmlinuz-4.15.0-50-generic root=UUID=b107e13a-a447-4cba-8c88-d14fcf8970b0 ro consol=tty1 console=ttyS0
    00000] KNE suppoed cpu
[    000000]  ntel GenuineIntel
[    0.000000]   AMD AuthenticAMD
[    0.000000]   Centaur CentaurHauls
[    0.000000] x86/fpu: Supporting XSAVE feature 0x001: 'x87 floating point registers'
[    0.000000] x86/fpu: Supporting XSAVE feature 0x002: 'SSE registers'
[    0.000000] x86/fpu: Supporting XSAVE feature 0x004: 'AVX registers'
[    0.000000] x86/fpu: xstate_offset[2]:  576, xstate_sizes[2]:  256
[    0.000000] x86/fpu: Enabled xstate features 0x7, context size is 832 bytes, using 'standard' format.
[    0.000000] e820: BIOS-provided physical RAM map:
[    0.000000] BIOS-e820: [mem 0x0000000000000000-0x000000000009fbff] usable
[    0.000000] BIOS-e820: [mem 0x000000000009fc00-0x000000000009ffff] reserved
[    0.000000] BIOS-e820: [mem 0x00000000000f0000-0x00000000000fffff] reserved
[    0.000000] BIOS-e820: [mem 0x0000000000100000-0x000000003ffeffff] usable
[    0.000000] BIOS-e820: [mem 0x000000003fff0000-0x000000003fffffff] ACPI data
[    0.000000] BIOS-e820: [mem 0x00000000fec00000-0x00000000fec00fff] reserved
[    0.000000] BIOS-e820: [mem 0x00000000fee00000-0x00000000fee00fff] reserved
[    0.000000] BIOS-e820: [mem 0x00000000fffc0000-0x00000000ffffffff] reserved
[    0.000000] NX (Execute Disable) protection: active
[    0.000000] SMBIOS 2.5 present.
[    0.000000] DMI: innotek GmbH VirtualBox/VirtualBox, BIOS VirtualBox 12/01/2006
[    0.000000] Hypervisor detected: KVM
[    0.000000] e820: last_pfn = 0x3fff0 max_arch_pfn = 0x400000000
[    0.000000] MTRR: Disabled
[    0.000000] x86/PAT: MTRRs disabled, skipping PAT initialization too.
[    0.000000] CPU MTRRs all blank - virtualized system.
[    0.000000] x86/PAT: Configuration [0-7]: WB  WT  UC- UC  WB  WT  UC- UC  
[    0.000000] found SMP MP-table at [mem 0x0009fff0-0x0009ffff] mapped at [        (ptrval)]
[    0.000000] Scanning 1 areas for low memory corruption
[    0.000000] RAMDISK: [mem 0x359d3000-0x36ce0fff]
[    0.000000] ACPI: Early table checksum verification disabled
[    0.000000] ACPI: RSDP 0x00000000000E0000 000024 (v02 VBOX  )
[    0.000000] ACPI: XSDT 0x000000003FFF0030 00003C (v01 VBOX   VBOXXSDT 00000001 ASL  00000061)
[    0.000000] ACPI: FACP 0x000000003FFF00F0 0000F4 (v04 VBOX   VBOXFACP 00000001 ASL  00000061)
[    0.000000] ACPI: DSDT 0x000000003FFF0470 0021FF (v02 VBOX   VBOXBIOS 00000002 INTL 20100528)
[    0.000000] ACPI: FACS 0x000000003FFF0200 000040
[    0.000000] ACPI: FACS 0x000000003FFF0200 000040
[    0.00000] ACI:PIC 000000FFF040 000 (v02 OX   VOXIC 0000001ASL  0000061
[   0.000000] ACPI: DT 00000003FFF02A 000CCv01 BO  VBOXUT000002INTL200528
[    0.000000] No NUMA configuration found
[    0.000000] Faking a node at [mem 0x0000000000000000-0x000000003ffeffff]
[    0.000000] NODE_DATA(0) allocated [mem 0x3ffc5000-0x3ffeffff]
[    0.000000] kvm-clock: cpu 0, msr 0:3ff44001, primary cpu clock
[    0.000000] kvm-clock: Using msrs 4b564d01 and 4b564d00
[    0.000000] kvm-clock: using sched offset of 3782068804 cycles
[    0.000000] clocksource: kvm-clock: mask: 0xffffffffffffffff max_cycles: 0x1cd42e4dffb, max_idle_ns: 881590591483 ns
[    0.000000] Zone ranges:
[    0.000000]   DMA      [mem 0x0000000000001000-0x0000000000ffffff]
[    0.000000]   DMA32    [mem 0x0000000001000000-0x000000003ffeffff]
[    0.000000]   Normal   empty
[    0.000000]   Device   empty
[    0.000000] Movable zone start for each node
[    0.000000] Early memory node ranges
[    0.000000]   node   0: [mem 0x0000000000001000-0x000000000009efff]
[    0.000000]   node   0: [mem 0x0000000000100000-0x000000003ffeffff]
[    0.000000] Reserved but unavailable: 114 pages
[    0.000000] Initmem setup node 0 [mem 0x0000000000001000-0x000000003ffeffff]
[    0.000000] ACPI: PM-Timer IO Port: 0x4008
[    0.000000] IOAPIC[0]: apic_id 2, version 32, address 0xfec00000, GSI 0-23
[    0.000000] ACPI: INT_SRC_OVR (bus 0 bus_irq 0 global_irq 2 dfl dfl)
[    0.000000] ACPI: INT_SRC_OVR (bus 0 bus_irq 9 global_irq 9 low level)
[    0.000000] Using ACPI (MADT) for SMP configuration information
[    0.000000] smpboot: Allowing 2 CPUs, 0 hotplug CPUs
[    0.000000] PM: Registered nosave memory: [mem 0x00000000-0x00000fff]
[    0.000000] PM: Registered nosave memory: [mem 0x0009f000-0x0009ffff]
[    0.000000] PM: Registered nosave memory: [mem 0x000a0000-0x000effff]
[    0.000000] PM: Registered nosave memory: [mem 0x000f0000-0x000fffff]
[    0.000000] e820: [mem 0x40000000-0xfebfffff] available for PCI devices
[    0.000000] Booting paravirtualized kernel on KVM
[    0.000000] clocksource: refined-jiffies: mask: 0xffffffff max_cycles: 0xffffffff, max_idle_ns: 7645519600211568 ns
[    0.000000] rrandom: getrado_bytes called from sarkern+0x99/0x4fd wit crnint=0
[   000000] tu_perpuNR_CS:192r_pumask_it2 nrpuids: nnode_is:
[    .0000]pepu: mbded 6 ges/u       (ptrval)s151552 r8192 d28672 u1048576
[    0.000000] PV qspinlock hash table entries: 256 (order: 0, 4096 bytes)
[    0.000000] Built 1 zonelists, mobility grouping on.  Total pages: 257913
[    0.000000] Policy zone: DMA32
[    0.000000] Kernel command line: BOOT_IMAGE=/boot/vmlinuz-4.15.0-50-generic root=UUID=b107e13a-a447-4cba-8c88-d14fcf8970b0 ro console=tty1 console=ttyS0
[    0.000000] Memory: 983064K/1048120K available (12300K kernel code, 2474K rwdata, 4276K rodata, 2412K init, 2416K bss, 65056K reserved, 0K cma-reserved)
[    0.000000] SLUB: HWalign=64, Order=0-3, MinObjects=0, CPUs=2, Nodes=1
[    0.000000] Kernel/User page tables isolation: enabled
[    0.000000] ftrace: allocating 39233 entries in 154 pages
[    0.004000] Hierarchical RCU implementation.
[    0.004000] 	RCU restricting CPUs from NR_CPUS=8192 to nr_cpu_ids=2.
[    0.004000] 	Tasks RCU enabled.
[    0.004000] RCU: Adjusting geometry for rcu_fanout_leaf=16, nr_cpu_ids=2
[    0.004000] NR_IRQS: 524544, nr_irqs: 440, preallocated irqs: 16
[    0.004000] Console: colour VGA+ 80x25
[    0.004000] console [tty1] enabled
[    0.004000] console [ttyS0] enabled
[    0.004000] ACPI: Core revision 20170831
[    0.004000] ACPI: 2 ACPI AML tables successfully acquired and loaded
[    0.004000] APIC: Switch to symmetric I/O mode setup
[    0.004000] x2apic enabled
[    0.004000] Switched APIC routing to physical x2apic.
[    0.004000] ..TIMER: vector=0x30 apic1=0 pin1=2 apic2=-1 pin2=-1
[    0.004003] tsc: Detected 2592.000 MHz processor
[    0.004873] Calibrating delay loop (skipped) preset value.. 5184.00 BogoMIPS (lpj=10368000)
[    0.008006] pid_max: default: 32768 minimum: 301
[    0.012061] Security Framework initialized
[    0.016006] Yama: becoming mindful.
[    0.020030] AppArmor: AppArmor initialized
[    0.025291] Dentry cache hash table entries: 131072 (order: 8, 1048576 bytes)
[    0.028071] Inode-cache hash table entries: 65536 (order: 7, 524288 bytes)
[    0.032028] Mount-cache hash table entries: 2048 (order: 2, 16384 bytes)
[    0.036013] Mountpoint-cache hash table entries: 2048 (order: 2, 16384 bytes)
[    0.040182] mce: CPU supports 0 MCE banks
[    0.040986] Last level iTLB entries: 4KB 64, 2MB 8, 4MB 8
[    0.042005] Last level dTLB entries: 4KB 64, 2MB 0, 4MB 0, 1GB 4
[    0.043125] Spectre V2 : Mitigation: Full generic retpoline
[    0.044001] Spectre V2 : Spectre v2 / SpectreRSB mitigation: Filling RSB on context switch
[    0.048005] Speculative Store Bypass: Vulnerable
[    0.052043] MDS: Vulnerable: Clear CPU buffers attempted, no microcode
[    0.056076] Freeing SMP alternatives memory: 36K
[    0.064000] smpboot: CPU0: Intel(R) Core(TM) i7-8850H CPU @ 2.60GHz (family: 0x6, model: 0x9e, stepping: 0xa)
[    0.064102] Performance Events: unsupported p6 CPU model 158 no PMU driver, software events only.
[    0.068054] Hierarchical SRCU implementation.
[    0.072501] NMI watchdog: Perf event create on CPU 0 failed with -2
[    0.076006] NMI watchdog: Perf NMI watchdog permanently disabled
[    0.080061] smp: Bringing up secondary CPUs ...
[    0.084088] x86: Booting SMP configuration:
[    0.088007] .... node  #0, CPUs:      #1
[    0.004000] kvm-clock: cpu 1, msr 0:3ff44041, secondary cpu clock
[    0.004000] mce: CPU supports 0 MCE banks
[    0.352021] smp: Brought up 1 node, 2 CPUs
[    0.352864] smpboot: Max logical packages: 1
[    0.353929] smpboot: Total of 2 processors activated (10368.00 BogoMIPS)
[    0.356010] devtmpfs: initialized
[    0.356749] x86/mm: Memory block size: 128MB
[    0.357708] evm: security.selinux
[    0.358393] evm: security.SMACK64
[    0.359411] evm: security.SMACK64EXEC
[    0.360003] evm: security.SMACK64TRANSMUTE
[    0.360810] evm: security.SMACK64MMAP
[    0.361576] evm: security.apparmor
[    0.362317] evm: security.ima
[    0.362936] evm: security.capability
[    0.364072] clocksource: jiffies: mask: 0xffffffff max_cycles: 0xffffffff, max_idle_ns: 7645041785100000 ns
[    0.365909] futex hash table entries: 512 (order: 3, 32768 bytes)
[    0.367546] pinctrl core: initialized pinctrl subsystem
[    0.369259] RTC time:  5:43:01, date: 05/22/19
[    0.370540] NET: Registered protocol family 16
[    0.372062] audit: initializing netlink subsys (disabled)
[    0.373144] audit: type=2000 audit(1558503782.185:1): state=initialized audit_enabled=0 res=1
[    0.373720] cpuidle: using governor ladder
[    0.376007] cpuidle: using governor menu
[    0.376816] ACPI: bus type PCI registered
[    0.377617] acpiphp: ACPI Hot Plug PCI Controller Driver version: 0.5
[    0.379260] PCI: Using configuration type 1 for base access
[    0.380744] HugeTLB registered 2.00 MiB page size, pre-allocated 0 pages
[    0.381338] ACPI: Added _OSI(Module Device)
[    0.384004] ACPI: Added _OSI(Processor Device)
[    0.384947] ACPI: Added _OSI(3.0 _SCP Extensions)
[    0.386009] ACPI: Added _OSI(Processor Aggregator Device)
[    0.387029] ACPI: Added _OSI(Linux-Dell-Video)
[    0.388002] ACPI: Added _OSI(Linux-Lenovo-NV-HDMI-Audio)
[    0.389004] ACPI: Added _OSI(Linux-HPI-Hybrid-Graphics)
[    0.390330] ACPI: Executed 1 blocks of module-level executable AML code
[    0.394868] ACPI: Interpreter enabled
[    0.396021] ACPI: (supports S0 S5)
[    0.400005] ACPI: Using IOAPIC for interrupt routing
[    0.404199] PCI: Using host bridge windows from ACPI; if necessary, use "pci=nocrs" and report a bug
[    0.408225] ACPI: Enabled 2 GPEs in block 00 to 07
[    0.420419] ACPI: PCI Root Bridge [PCI0] (domain 0000 [bus 00-ff])
[    0.424015] acpi PNP0A03:00: _OSC: OS supports [ASPM ClockPM Segments MSI]
[    0.428040] acpi PNP0A03:00: _OSC: not requesting OS control; OS requires [ExtendedConfig ASPM ClockPM MSI]
[    0.432023] acpi PNP0A03:00: fail to add MMCONFIG information, can't access extended PCI configuration space under this bridge.
[    0.436436] PCI host bridge to bus 0000:00
[    0.437357] pci_bus 0000:00: root bus resource [io  0x0000-0x0cf7 window]
[    0.440005] pci_bus 0000:00: root bus resource [io  0x0d00-0xffff window]
[    0.441285] pci_bus 0000:00: root bus resource [mem 0x000a0000-0x000bffff window]
[    0.442724] pci_bus 0000:00: root bus resource [mem 0x40000000-0xfdffffff window]
[    0.444005] pci_bus 0000:00: root bus resource [bus 00-ff]
[    0.448815] pci 0000:00:01.1: legacy IDE quirk: reg 0x10: [io  0x01f0-0x01f7]
[    0.450401] pci 0000:00:01.1: legacy IDE quirk: reg 0x14: [io  0x03f6]
[    0.451637] pci 0000:00:01.1: legacy IDE quirk: reg 0x18: [io  0x0170-0x0177]
[    0.452004] pci 0000:00:01.1: legacy IDE quirk: reg 0x1c: [io  0x0376]
[    0.469082] pci 0000:00:07.0: quirk: [io  0x4000-0x403f] claimed by PIIX4 ACPI
[    0.470503] pci 0000:00:07.0: quirk: [io  0x4100-0x410f] claimed by PIIX4 SMB
[    0.479660] ACPI: PCI Interrupt Link [LNKA] (IRQs 5 9 10 *11)
[    0.480284] ACPI: PCI Interrupt Link [LNKB] (IRQs 5 9 *10 11)
[    0.484156] ACPI: PCI Interrupt Link [LNKC] (IRQs 5 *9 10 11)
[    0.488148] ACPI: PCI Interrupt Link [LNKD] (IRQs 5 9 10 *11)
[    0.492374] SCSI subsystem initialized
[    0.496117] pci 0000:00:02.0: vgaarb: setting as boot VGA device
[    0.500000] pci 0000:00:02.0: vgaarb: VGA device added: decodes=io+mem,owns=io+mem,locks=none
[    0.500008] pci 0000:00:02.0: vgaarb: bridge control possible
[    0.504005] vgaarb: loaded
[    0.505016] ACPI: bus type USB registered
[    0.508028] usbcore: registered new interface driver usbfs
[    0.509108] usbcore: registered new interface driver hub
[    0.510261] usbcore: registered new device driver usb
[    0.512086] EDAC MC: Ver: 3.0.0
[    0.513043] PCI: Using ACPI for IRQ routing
[    0.513189] NetLabel: Initializing
[    0.513891] NetLabel:  domain hash size = 128
[    0.516002] NetLabel:  protocols = UNLABELED CIPSOv4 CALIPSO
[    0.517088] NetLabel:  unlabeled traffic allowed by default
[    0.518170] clocksource: Switched to clocksource kvm-clock
[    0.529179] VFS: Disk quotas dquot_6.6.0
[    0.530178] VFS: Dquot-cache hash table entries: 512 (order 0, 4096 bytes)
[    0.531722] AppArmor: AppArmor Filesystem Enabled
[    0.532901] pnp: PnP ACPI init
[    0.536017] pnp: PnP ACPI: found 3 devices
[  054707 cckur: pim:as 0fffff mx_cles: 0xfffff m_ie_: 8510 n
  1.82] T: Registered protocol family 2

[    1.595477] TCP established hash table entries: 8192 (order: 4, 65536 bytes)
[    1.597022] TCP bind hash table entries: 8192 (order: 5, 131072 bytes)
[    1.598310] TCP: Hash tables configured (established 8192 bind 8192)
[    1.599558] UDP hash table entries: 512 (order: 2, 16384 bytes)
[    1.600766] UDP-Lite hash table entries: 512 (order: 2, 16384 bytes)
[    1.602014] NET: Registered protocol family 1
[    1.602914] pci 0000:00:00.0: Limiting direct PCI/PCI transfers
[    1.604101] pci 0000:00:01.0: Activating ISA DMA hang workarounds
[    1.605389] pci 0000:00:02.0: Video device with shadowed ROM at [mem 0x000c0000-0x000dffff]
[    1.607830] Unpacking initramfs...
[    1.829401] Freeing initrd memory: 19512K
[    1.936169] clocksource: tsc: mask: 0xffffffffffffffff max_cycles: 0x255cb6cc5db, max_idle_ns: 440795203504 ns
[    2.247177] platform rtc_cmos: registered platform RTC device (no PNP device found)
[    2.488864] Scanning for low memory corruption every 60 seconds
[    2.634642] Initialise system trusted keyrings
[    2.669188] Key type blacklist registered
[    2.672637] workingset: timestamp_bits=36 max_order=18 bucket_order=0
[    2.675216] zbud: loaded
[    2.676276] squashfs: version 4.0 (2009/01/31) Phillip Lougher
[    2.678579] fuse init (API version 7.26)
[    2.683291] Key type asymmetric registered
[    2.684330] Asymmetric key parser 'x509' registered
[    2.685662] Block layer SCSI generic (bsg) driver version 0.4 loaded (major 246)
[    2.687886] io scheduler noop registered
[    2.688995] io scheduler deadline registered
[    2.691639] io scheduler cfq registered (default)
[    2.693562] ACPI: AC Adapter [AC] (on-line)
[    2.694871] input: Power Button as /devices/LNXSYSTM:00/LNXPWRBN:00/input/input0
[    2.697074] ACPI: Power Button [PWRF]
[    2.698123] input: Sleep Button as /devices/LNXSYSTM:00/LNXSLPBN:00/input/input1
[    2.700073] ACPI: Sleep Button [SLPF]
[    2.701592] Serial: 8250/16550 driver, 32 ports, IRQ sharing enabled
[    2.702972] ACPI: Battery Slot [BAT0] (battery present)
[    2.733691] 00:02: ttyS0 at I/O 0x3f8 (irq = 4, base_baud = 115200) is a 16550A
[    3.064347] Linux agpgart interface v0.103
[    3.174006] loop: module loaded
[    3.260146] scsi host0: ata_piix
[    3.318395] scsi host1: ata_piix
[    3.365820] ata1: PATA max UDMA/33 cmd 0x1f0 ctl 0x3f6 bmdma 0xd000 irq 14
[    3.564166] ata2: PATA max UDMA/33 cmd 0x170 ctl 0x376 bmdma 0xd008 irq 15
[    3.757646] libphy: Fixed MDIO Bus: probed
[    3.758788] tun: Universal TUN/TAP device driver, 1.6
[    3.760149] PPP generic driver version 2.4.2
[    3.761264] ehci_hcd: USB 2.0 'Enhanced' Host Controller (EHCI) Driver
[    3.762548] ehci-pci: EHCI PCI platform driver
[    3.763642] ehci-platform: EHCI generic platform driver
[    3.764744] ohci_hcd: USB 1.1 'Open' Host Controller (OHCI) Driver
[    3.765997] ohci-pci: OHCI PCI platform driver
[    3.766888] ohci-platform: OHCI generic platform driver
[    3.768052] uhci_hcd: USB Universal Host Controller Interface driver
[    3.769347] i8042: PNP: PS/2 Controller [PNP0303:PS2K,PNP0f03:PS2M] at 0x60,0x64 irq 1,12
[    3.771330] serio: i8042 KBD port at 0x60,0x64 irq 1
[    3.772523] serio: i8042 AUX port at 0x60,0x64 irq 12
[    3.773806] mousedev: PS/2 mouse device common for all mice
[    3.775954] rtc_cmos rtc_cmos: rtc core: registered rtc_cmos as rtc0
[    3.777303] rtc_cmos rtc_cmos: alarms up to one day, 114 bytes nvram
[    3.778544] input: AT Translated Set 2 keyboard as /devices/platform/i8042/serio0/input/input2
[    3.780262] i2c /dev entries driver
[    3.781528] pcie_mp2_amd: AMD(R) PCI-E MP2 Communication Driver Version: 1.0
[    3.783116] device-mapper: uevent: version 1.0.3
[    3.784204] device-mapper: ioctl: 4.37.0-ioctl (2017-09-20) initialised: dm-devel@redhat.com
[    3.785981] ledtrig-cpu: registered to indicate activity on CPUs
[    3.788178] NET: Registered protocol family 10
[    3.791932] Segment Routing with IPv6
[    3.792741] NET: Registered protocol family 17
[    3.793688] Key type dns_resolver registered
[    3.794706] RAS: Correctable Errors collector initialized.
[    3.795756] sched_clock: Marking stable (3794681452, 0)->(10380015406, -6585333954)
[    3.816424] registered taskstats version 1
[    3.899573] Loading compiled-in X.509 certificates
[    4.045864] Loaded X.509 cett 'Build time autogenerated kernel key: 0d5cb4b7de8533fd8e7240d711ae9d354ea3dca1'
[    4.295725] zswap: loaded using pool lzo/zbud
[    4.454440] Key type big_key registered
[    4.564665] Key type trusted registered
[    4.690648] Key type encrypted registered
[    4.815489] AppArmor: AppArmor sha1 policy hashing enabled
[    4.834955] ima: No TPM chip found, activating TPM-bypass! (rc=-19)
[    4.836171] ima: Allocated hash algorithm: sha1
[    4.837492] evm: HMAC attrs: 0x1
[    4.838473]   Magic number: 3:858:719
[    4.839312] rtc_cmos rtc_cmos: setting system clock to 2019-05-22 05:43:08 UTC (1558503788)
[    4.841448] BIOS EDD facility v0.16 2004-Jun-25, 0 devices found
[    4.842609] EDD information not available.
[    4.845442] Freeing unused kernel image memory: 2412K
[    4.872183] Write protecting the kernel read-only data: 20480k
[    4.994470] Freeing unused kernel image memory: 2008K
[    5.075977] Freeing unused kernel image memory: 1868K
[    5.082148] x86/mm: Checked W+X mappings: passed, no W+X pages found.
[    5.083759] x86/mm: Checking user space page tables
[    5.089143] x86/mm: Checked W+X mappings: passed, no W+X pages found.
Loading, please wait...
starting version 237
[    5.141988] Fusion MPT base driver 3.04.20
[    5.149832] Copyright (c) 1999-2008 LSI Corporation
[    5.155272] e1000: Intel(R) PRO/1000 Network Driver - version 7.3.21-k8-NAPI
[    5.157090] e1000: Copyright (c) 1999-2006 Intel Corporation.
[    5.165177] Fusion MPT SPI Host driver 3.04.20
[    5.168475] AVX2 version of gcm_enc/dec engaged.
[    5.169552] AES CTR mode by8 optimization enabled
[    5.397827] input: ImExPS/2 Generic Explorer Mouse as /devices/platform/i8042/serio1/input/input4
[    5.557236] e1000 0000:00:03.0 eth0: (PCI:33MHz:32-bit) 02:35:4a:03:dd:91
[    5.557239] e1000 0000:00:03.0 eth0: Intel(R) PRO/1000 Network Connection
[    5.957504] e1000 0000:00:08.0 eth1: (PCI:33MHz:32-bit) 08:00:27:03:24:13
[    6.326108] e1000 0000:00:08.0 eth1: Intel(R) PRO/1000 Network Connection
[    6.519276] mptbase: ioc0: Initiating bringup
[    6.519860] e1000 0000:00:03.0 enp0s3: renamed from eth0
[    6.779981] e1000 0000:00:08.0 enp0s8: renamed from eth1
[    7.150562] ioc0: LSI53C1030 A0: Capabilities={Initiator}
[    8.272810] scsi host2: ioc0: LSI53C1030 A0, FwRev=00000000h, Ports=1, MaxQ=256, IRQ=20
[   10.223191] scsi 2:0:0:0: Direct-Access     VBOX     HARDDISK         1.0  PQ: 0 ANSI: 5
[   10.283260] scsi target2:0:0: Beginning Domain Validation
[   10.285879] scsi target2:0:0: Domain Validation skipping write tests
[   10.287491] scsi target2:0:0: Ending Domain Validation
[   10.288860] scsi target2:0:0: asynchronous
[   10.290269] scsi 2:0:1:0: Direct-Access     VBOX     HARDDISK         1.0  PQ: 0 ANSI: 5
[   11.068268] scsi target2:0:1: Beginning Domain Validation
[   11.315485] random: fast init done
[   11.337718] scsi target2:0:1: Domain Validation skipping write tests
[   11.338970] scsi target2:0:1: Ending Domain Validation
[   11.340020] scsi target2:0:1: asynchronous
[   11.344795] random: systemd-udevd: uninitialized urandom read (16 bytes read)
[   11.345042] sd 2:0:0:0: [sda] 20971520 512-byte logical blocks: (10.7 GB/10.0 GiB)
[   11.345145] sd 2:0:0:0: [sda] Write Protect is off
[   11.345271] sd 2:0:0:0: [sda] Incomplete mode parameter data
[   11.345272] sd 2:0:0:0: [sda] Assuming drive cache: write through
[   11.352106] random: systemd-udevd: uninitialized urandom read (16 bytes read)
[   11.352238] sd 2:0:0:0: Attached scsi generic sg0 type 0
[   11.353826]  sda: sda1
[   11.356196] random: systemd-udevd: uninitialized urandom read (16 bytes read)
[   11.357039] sd 2:0:0:0: [sda] Attached SCSI disk
[   11.357363] sd 2:0:1:0: [sdb] 20480 512-byte logical blocks: (10.5 MB/10.0 MiB)
[   11.357432] sd 2:0:1:0: [sdb] Write Protect is off
[   11.357539] sd 2:0:1:0: [sdb] Incomplete mode parameter data
[   11.357540] sd 2:0:1:0: [sdb] Assuming drive cache: write through
[   11.364628] sd 2:0:1:0: Attached scsi generic sg1 type 0
[   11.366258] sd 2:0:1:0: [sdb] Attached SCSI disk
Begin: Loading essential drivers ... [   12.741835] raid6: sse2x1   gen() 13637 MB/s
[   12.884076] raid6: sse2x1   xor()  8873 MB/s
[   13.092472] raid6: sse2x2   gen() 17489 MB/s
[   13.320335] raid6: sse2x2   xor() 11048 MB/s
[   13.492712] raid6: sse2x4   gen() 16814 MB/s
[   13.548077] raid6: sse2x4   xor() 10154 MB/s
[   13.652038] raid6: avx2x1   gen() 23638 MB/s
[   13.812369] raid6: avx2x1   xor() 18972 MB/s
[   14.029081] raid6: avx2x2   gen() 36395 MB/s
[   14.245800] raid6: avx2x2   xor() 20341 MB/s
[   14.368232] raid6: avx2x4   gen() 42013 MB/s
[   14.565503] raid6: avx2x4   xor() 22158 MB/s
[   14.597156] raid6: using algorithm avx2x4 gen() 42013 MB/s
[   14.598215] raid6: .... xor() 22158 MB/s, rmw enabled
[   14.605639] raid6: using avx2x2 recovery algorithm
[   14.612070] xor: automatically using best checksumming function   avx       
[   14.614796] async_tx: api initialized (async)
done.
Begin: Running /scripts/init-premount ... done.
Begin: Mounting root file syste[   14.650694] Btrfs loaded, crc32c=crc32c-intel
m ... Begin: Running /scripts/local-top ... done[   14.759573] EXT4-fs (sda1): mounted filesystem with ordered data mode. Opts: (null)
.
Begin: Running /scripts/local-premount ... Scanning for Btrfs filesystems
done.
Warning: fsck not present, so skipping root file system
done.
Begin: Running /scripts/local-bottom ... done.
Begin: Running /scripts/init-bottom ... done.
[   15.163876] ip_tables: (C) 2000-2006 Netfilter Core Team
[   16.170240] systemd[1]: systemd 237 running in system mode. (+PAM +AUDIT +SELINUX +IMA +APPARMOR +SMACK +SYSVINIT +UTMP +LIBCRYPTSETUP +GCRYPT +GNUTLS +ACL +XZ +LZ4 +SECCOMP +BLKID +ELFUTILS +KMOD -IDN2 +IDN -PCRE2 default-hierarchy=hybrid)
[   20.273057] systemd[1]: Detected virtualization oracle.
[   20.274929] systemd[1]: Detected architecture x86-64.

Welcome to [1mUbuntu 18.04.2 LTS[0m!

[   20.308829] systemd[1]: Set hostname to <ubuntu-bionic>.
[   21.239821] systemd[1]: Created slice User and Session Slice.
[[0;32m  OK  [0m] Created slice User and Session Slice.
[   22.323203] systemd[1]: Reached target Swap.
[[0;32m  OK  [0m] Reached target Swap.
[   23.196629] systemd[1]: Reached target User and Group Name Lookups.
[[0;32m  OK  [0m] Reached target User and Group Name Lookups.
[   24.352289] systemd[1]: Started Forward Password Requests to Wall Directory Watch.
[[0;32m  OK  [0m] Started Forward Password Requests to Wall Directory Watch.
[   24.355190] systemd[1]: Reached target System Time Synchronized.
[[0;32m  OK  [0m] Reached target System Time Synchronized.
[   24.357529] systemd[1]: Set up automount Arbitrary Executable File Formats File System Automount Point.
[[0;32m  OK  [0m] Set up automount Arbitrary Executabâ€¦rmats File System Automount Point.
[   24.361143] systemd[1]: Created slice System Slice.
[[0;32m  OK  [0m] Created slice System Slice.
[   24.363031] systemd[1]: Listening on Journal Socket (/dev/log).
[[0;32m  OK  [0m] Listening on Journal Socket (/dev/log).
[   24.365315] systemd[1]: Listening on /dev/initctl Compatibility Named Pipe.
[[0;32m  OK  [0m] Listening on /dev/initctl Compatibility Named Pipe.
[   24.368226] systemd[1]: Created slice system-serial\x2dgetty.slice.
[[0;32m  OK  [0m] Created slice system-serial\x2dgetty.slice.
[[0;32m  OK  [0m] Listening on udev Control Socket.
[[0;32m  OK  [0m] Listening on LVM2 metadata daemon socket.
[[0;32m  OK  [0m] Listening on Syslog Socket.
[[0;32m  OK  [0m] Listening on udev Kernel Socket.
[[0;32m  OK  [0m] Listening on LVM2 poll daemon socket.
[[0;32m  OK  [0m] Listening on Network Service Netlink Socket.
[[0;32m  OK  [0m] Listening on Journal Audit Socket.
[[0;32m  OK  [0m] Listening on Device-mapper event daemon FIFOs.
[[0;32m  OK  [0m] Listening on Journal Socket.
         Mounting Huge Pages File System...
         Starting Uncomplicated firewall...
         Starting Set the console keyboard layout...
         Starting udev Coldplug all Devices...
         Starting Monitoring of LVM2 mirrorsâ€¦ng dmeventd or progress polling...
         Mounting Kernel Debug File System...
         Starting Remount Root and Kernel File Systems...
         Starting Load Kernel Modules...
[   24.589687] Loading iSCSI transport class v2.0-870.
[   25.577646] random: crng init done
[   25.672903] random: 7 urandom warning(s) missed due to ratelimiting
[   25.900235] EXT4-fs (sda1): re-mounted. Opts: (null)
         Startin[   26.067372] iscsi: registered transport (tcp)
g Journal Service...
[   26.233049] iscsi: registered transport (iser)
[   26.324110] systemd[1]: Starting Create list of required static device nodes for the current kernel...
         Starting Create list of required stâ€¦ce nodes for the current kernel...
[   26.504516] systemd[1]: Mounting POSIX Message Queue File System...
         Mounting POSIX Message Queue File System...
[   26.508089] systemd[1]: Reached target Slices.
[[0;32m  OK  [0m] Reached target Slices.
[   26.511651] systemd[1]: Started Journal Service.
[[0;32m  OK  [0m] Started Journal Service.
[[0;32m  OK  [0m] Mounted Huge Pages File System.
[[0;32m  OK  [0m] Started Uncomplicated firewall.
[[0;32m  OK  [0m] Started Set the console keyboard layout.
[[0;32m  OK  [0m] Mounted Kernel Debug File System.
[[0;32m  OK  [0m] Started Remount Root and Kernel File Systems.
[[0;32m  OK  [0m] Started Load Kernel Modules.
[[0;32m  OK  [0m] Started Create list of required staâ€¦vice nodes for the current kernel.
[[0;32m  OK  [0m] Mounted POSIX Message Queue File System.
[[0;32m  OK  [0m] Started LVM2 metadata daemon.
         Starting Create Static Device Nodes in /dev...
         Mounting FUSE Control File System...
         Mounting Kernel Configuration File System...
         Starting Apply Kernel Variables...
         Starting Load/Save Random Seed...
         Starting Flush Journal to Persistent Storage...
[[0;32m  OK  [0m] Started Monitoring of LVM2 mirrors,â€¦sing dmeventd or progress polling.
[[0;32m  OK  [0m] Started udev Coldplug all Devices.
[[0;32m  OK  [0m] Started Create Static Device Nodes in /dev.
[[0;32m  OK  [0m] Mounted FUSE Control File System.
[[0;32m  OK  [0m] Mounted Kernel Configuration File System.
[[0;32m  OK  [0m] Started Apply Kernel Variables.
[[0;32m  OK  [0m] Started Load/Save Random Seed.
         Starting udev Kernel Device Manager...
[[0;32m  OK  [0m] Reached target Local File Systems (Pre).
[[0;32m  OK  [0m] Reached target Local File Systems.
         Starting ebtables ruleset management...
         Starting Tell Plymouth To Write Out Runtime Data...
         Starting Set console font and keymap...
         Starting AppArmor initialization...
[[0;32m  OK  [0m] Started udev Kernel Device Manager.
[[0;32m  OK  [0m] Started Dispatch Password Requests to Console Directory Watch.
[[0;32m  OK  [0m] Reached target Local Encrypted Volumes.
[[0;32m  OK  [0m] Started Tell Plymouth To Write Out Runtime Data.
[[0;32m  OK  [0m] Started Set console font and keymap.
[[0;32m  OK  [0m] Started ebtables ruleset management.
[[0;32m  OK  [0m] Started Flush Journal to Persistent Storage.
[[0;32m  OK  [0m] Found device /dev/ttyS0.
         Starting Create Volatile Files and Directories...
[[0;32m  OK  [0m] Started Create Volatile Files and Directories.
[[0;32m  OK  [0m] Started AppArmor initialization.
[[0;32m  OK  [0m] Listening on Load/Save RF Kill Switch Status /dev/rfkill Watch.
         Starting Update UTMP about System Boot/Shutdown...
         Starting Initial cloud-init job (pre-networking)...
[[0;32m  OK  [0m] Started Update UTMP about System Boot/Shutdown.
[   28.053563] cloud-init[611]: Cloud-init v. 18.5-45-g3554ffe8-0ubuntu1~18.04.1 running 'init-local' at Wed, 22 May 2019 05:43:31 +0000. Up 27.87 seconds.
[[0;32m  OK  [0m] Started Initial cloud-init job (pre-networking).
[[0;32m  OK  [0m] Reached target Network (Pre).
         Starting Network Service...
[[0;32m  OK  [0m] Started Network Service.
         Starting Network Name Resolution...
         Starting Wait for Network to be Configured...
[[0;32m  OK  [0m] Started Network Name Resolution.
[[0;32m  OK  [0m] Reached target Network.
[[0;32m  OK  [0m] Reached target Host and Network Name Lookups.
[[0;32m  OK  [0m] Started Wait for Network to be Configured.
         Starting Initial cloud-init job (metadata service crawler)...
[   30.326993] cloud-init[741]: Cloud-init v. 18.5-45-g3554ffe8-0ubuntu1~18.04.1 running 'init' at Wed, 22 May 2019 05:43:33 +0000. Up 30.21 seconds.
[   30.412364] cloud-init[741]: ci-info: ++++++++++++++++++++++++++++++++++++++Net device info+++++++++++++++++++++++++++++++++++++++
[[   30.504340] cloud-init[741]: ci-info: +--------+------+-----------------------------+---------------+--------+-------------------+
[   30.504638] cloud-init[741]: ci-info: | Device |  Up  |           Address           |      Mask     | Scope  |     Hw-Address    |
[0;32m  OK  [0m] Started Initial cloud-init job (metadata service crawler).
[   30.505154] cloud-init[741]: ci-info: +--------+------+-----------------------------+---------------+--------+-------------------+
[   30.773549] cloud-init[741]: ci-info: | enp0s3 | True |          10.0.2.15          | 255.255.255.0 | global | 02:35:4a:03:dd:91 |
[   30.773799] cloud-init[741]: ci-info: | enp0s3 | True |  fe80::35:4aff:fe03:dd91/64 |       .       |  link  | 02:35:4a:03:dd:91 |
[[0;32m  OK  [0m] Reached target Cloud-config availability.
[   30.774777] cloud-init[741]: ci-info: | enp0s8 | True |        192.168.33.10        | 255.255.255.0 | global | 08:00:27:03:24:13 |
[   30.860887] cloud-init[741]: ci-info: | enp0s8 | True | fe80::a00:27ff:fe03:2413/64 |       .       |  link  | 08:00:27:03:24:13 |
[   30.861157] cloud-init[741]: ci-info: |   lo   | True |          127.0.0.1          |   255.0.0.0   |  host  |         .         |
[   30.861527] cloud-init[741]: ci-info: |   lo   | True |           ::1/128           |       .       |  host  |         .         |
[   30.861847] cloud-init[741]: ci-info: +--------+------+-----------------------------+---------------+--------+-------------------+
[   30.862138] cloud-init[741]: ci-info: +++++++++++++++++++++++++++++Route IPv4 info+++++++++++++++++++++++++++++
[   30.862429] cloud-init[741]: ci-info: +-------+--------------+----------+-----------------+-----------+-------+
[   30.862754] cloud-init[741]: ci-info: | Route | Destination  | Gateway  |     Genmask     | Interface | Flags |
[   30.863039] cloud-init[741]: ci-info: +-------+--------------+----------+-----------------+-----------+-------+
[   30.863329] cloud-init[741]: ci-info: |   0   |   0.0.0.0    | 10.0.2.2 |     0.0.0.0     |   enp0s3  |   UG  |
[   30.863649] cloud-init[741]: ci-info: |   1   |   10.0.2.0   | 0.0.0.0  |  255.255.255.0  |   enp0s3  |   U   |
[   30.863993] cloud-init[741]: ci-info: |   2   |   10.0.2.2   | 0.0.0.0  | 255.255.255.255 |   enp0s3  |   UH  |
[   30.864788] cloud-init[741]: ci-info: |   3   | 192.168.33.0 | 0.0.0.0  |  255.255.255.0  |   enp0s8  |   U   |
[   30.865069] cloud-init[741]: ci-info: +-------+--------------+----------+-----------------+-----------+-------+
[   30.865498] cloud-init[741]: ci-info: +++++++++++++++++++Route IPv6 info+++++++++++++++++++
[   30.865760] cloud-init[741]: ci-info: +-------+-------------+---------+-----------+-------+
[   30.866049] cloud-init[741]: ci-info: | Route | Destination | Gateway | Interface | Flags |
[   30.866336] cloud-init[741]: ci-info: +-------+-------------+---------+-----------+-------+
[   30.866643] cloud-init[741]: ci-info: |   1   |  fe80::/64  |    ::   |   enp0s8  |   U   |
[   30.866946] cloud-init[741]: ci-info: |   2   |  fe80::/64  |    ::   |   enp0s3  |   U   |
[   30.867231] cloud-init[741]: ci-info: |   4   |    local    |    ::   |   enp0s3  |   U   |
[   30.867533] cloud-init[741]: ci-info: |   5   |    local    |    ::   |   enp0s8  |   U   |
[   30.867890] cloud-init[741]: ci-info: |   6   |   ff00::/8  |    ::   |   enp0s8  |   U   |
[   30.868542] cloud-init[741]: ci-info: |   7   |   ff00::/8  |    ::   |   enp0s3  |   U   |
[   30.868826] cloud-init[741]: ci-info: +-------+-------------+---------+-----------+-------+
[[0;32m  OK  [0m] Reached target System Initialization.
[[0;32m  OK  [0m] Started Daily apt download activities.
[[0;32m  OK  [0m] Started Daily apt upgrade and clean activities.
[[0;32m  OK  [0m] Started ACPI Events Check.
[[0;32m  OK  [0m] Listening on ACPID Listen Socket.
[[0;32m  OK  [0m] Reached target Paths.
[[0;32m  OK  [0m] Started Message of the Day.
[[0;32m  OK  [0m] Started Discard unused blocks once a week.
[[0;32m  OK  [0m] Started Daily Cleanup of Temporary Directories.
[[0;32m  OK  [0m] Reached target Timers.
         Starting LXD - unix socket.
[[0;32m  OK  [0m] Listening on D-Bus System Message Bus Socket.
[[0;32m  OK  [0m] Listening on UUID daemon activation socket.
[[0;32m  OK  [0m] Listening on Open-iSCSI iscsid Socket.
         Starting Socket activation for snappy daemon.
[[0;32m  OK  [0m] Reached target Network is Online.
         Starting Availability of block devices...
[[0;32m  OK  [0m] Reached target Remote File Systems (Pre).
[[0;32m  OK  [0m] Reached target Remote File Systems.
[[0;32m  OK  [0m] Listening on LXD - unix socket.
[[0;32m  OK  [0m] Listening on Socket activation for snappy daemon.
[[0;32m  OK  [0m] Started Availability of block devices.
[[0;32m  OK  [0m] Reached target Sockets.
[[0;32m  OK  [0m] Reached target Basic System.
[[0;32m  OK  [0m] Started D-Bus System Message Bus.
[[0;32m  OK  [0m] Started Deferred execution scheduler.
[[0;32m  OK  [0m] Started Regular background program processing daemon.
[[0;32m  OK  [0m] Started FUSE filesystem for LXC.
         Starting Dispatcher daemon for systemd-networkd...
         Starting Permit User Sessions...
         Starting vboxadd.service...
         Starting Snappy daemon...
         Starting LSB: automatic crash report generation...
         Starting Login Service...
[[0;32m  OK  [0m] Started irqbalance daemon.
         Starting Accounts Service...
         Starting OpenBSD Secure Shell server...
         Starting System Logging Service...
         Starting LSB: Record successful boot for GRUB...
         Starting LXD - container startup/shutdown...
[[0;32m  OK  [0m] Started Dispatcher daemon for systemd-networkd.
[[0;32m  OK  [0m] Started Snappy daemon.
[[0;32m  OK  [0m] Started System Logging Service.
[[0;32m  OK  [0m] Started Permit User Sessions.
[[0;32m  OK  [0m] Started Login Service.
[[0;32m  OK  [0m] Started OpenBSD Secure Shell server.
[[0;32m  OK  [0m] Started LXD - container startup/shutdown.
[[0;32m  OK  [0m] Started LSB: automatic crash report generation.
[[0;32m  OK  [0m] Started LSB: Record successful boot for GRUB.
[[0;32m  OK  [0m] Started vboxadd.service.
         Starting vboxadd-service.service...
         Starting Authorization Manager...
[[0;32m  OK  [0m] Started Unattended Upgrades Shutdown.
         Starting Terminate Plymouth Boot Screen...
         Starting Hold until boot process finishes up...
         Starting Wait until snapd is fully seeded...
[[0;32m  OK  [0m] Started vboxadd-service.service.
[[0;32m  OK  [0m] Started Terminate Plymouth Boot Screen.
[[0;32m  OK  [0m] Started Hold until boot process finishes up.
[[0;32m  OK  [0m] Started Wait until snapd is fully seeded.
[[0;32m  OK  [0m] Started Authorization Manager.
[[0;32m  OK  [0m] Started Accounts Service.
         Starting Apply the settings specified in cloud-config...
[[0;32m  OK  [0m] Started Serial Getty on ttyS0.
         Starting Set console scheme...
[[0;32m  OK  [0m] Started Set console scheme.
[[0;32m  OK  [0m] Created slice system-getty.slice.
[[0;32m  OK  [0m] Started Getty on tty1.
[[0;32m  OK  [0m] Reached target Login Prompts.
[[0;32m  OK  [0m] Reached target Multi-User System.
[[0;32m  OK  [0m] Reached target Graphical Interface.
         Starting Update UTMP about System Runlevel Changes...
[[0;32m  OK  [0m] Started Update UTMP about System Runlevel Changes.
[   33.182561] cloud-init[1287]: Cloud-init v. 18.5-45-g3554ffe8-0ubuntu1~18.04.1 running 'modules:config' at Wed, 22 May 2019 05:43:36 +0000. Up 33.10 seconds.
[[0;32m  OK  [0m] Started Apply the settings specified in cloud-config.
         Starting Execute cloud user/final scripts...
[   33.676319] cloud-init[1359]: Cloud-init v. 18.5-45-g3554ffe8-0ubuntu1~18.04.1 running 'modules:final' at Wed, 22 May 2019 05:43:37 +0000. Up 33.59 seconds.
[[0;32m  OK  [0m] Started Execute cloud user/final scripts.
[[0;32m  OK  [cloud-init[1359]: Cloud-init v. 18.5-45-g3554ffe8-0ubuntu1~18.04.1 finished at Wed, 22 May 2019 05:43:37 +0000. Datasource DataSourceNoCloud [seed=/dev/sdb][dsmode=net].  Up 33.67 seconds

Ubuntu 18.04.2 LTS ubuntu-bionic ttyS0

ubuntu-bionic login: [[0;32m  OK 0         Stopping LSB: automatic crash report generation...
         Stopping Dispatcher daemon for systemd-networkd...
         Stopping LSB: Record successful boot for GRUB...
         Stopping Deferred execution scheduler...
         Stopping D-Bus System Message Bus...
[[0;32m  OK  [0m] Stopped Message of the Day.
[[0;32m  OK  [0m] Closed Load/Save RF Kill Switch Status /dev/rfkill Watch.
         Stopping User Manager for UID 1000...
         Stopping Accounts Service...
[[0;32m  OK  [0m] Stopped Discard unused blocks once a week.
[[0;32m  OK  [0m] Stopped target System Time Synchronized.
         Stopping FUSE filesystem for LXC...
[[0;32m  OK  [0m] Stopped Wait until snapd is fully seeded.
         Stopping Availability of block devices...
[[0;32m  OK  [0m] Unmounted /var/lib/lxcfs.
[[0;32m  OK  [0m] Stopped Deferred execution scheduler.
[[0;32m  OK  [0m] Stopped Regular background program processing daemon.
[[0;32m  OK  [0m] Stopped Dispatcher daemon for systemd-networkd.
[[0;32m  OK  [0m] Stopped irqbalance daemon.
[[0;32m  OK  [0m] Stopped Accounts Service.
[[0;32m  OK  [0m] Stopped System Logging Service.
[[0;32m  OK  [0m] Stopped OpenBSD Secure Shell server.
[[0;32m  OK  [0m] Stopped Authorization Manager.
[[0;32m  OK  [0m] Stopped Unattended Upgrades Shutdown.
[[0;32m  OK  [0m] Stopped Serial Getty on ttyS0.
[[0;32m  OK  [0m] Stopped Getty on tty1.
[[0;32m  OK  [0m] Stopped User Manager for UID 1000.
[[0;32m  OK  [0m] Stopped vboxadd-service.service.
[[0;32m  OK  [0m] Stopped D-Bus System Message Bus.
[[0;32m  OK  [0m] Stopped Availability of block devices.
[[0;32m  OK  [0m] Stopped FUSE filesystem for LXC.
[[0;32m  OK  [0m] Stopped Session 10 of user vagrant.
         Stopping vboxadd.service...
[[0;32m  OK  [0m] Removed slice User Slice of vagrant.
[[0;32m  OK  [0m] Removed slice system-getty.slice.
         Stopping Permit User Sessions...
[[0;32m  OK  [0m] Removed slice system-serial\x2dgetty.slice.
         Stopping Login Service...
[[0;32m  OK  [0m] Unmounted /vagrant.
[[0;32m  OK  [0m] Stopped LXD - container startup/shutdown.
[[0;32m  OK  [0m] Stopped Login Service.
[[0;32m  OK  [0m] Stopped vboxadd.service.
[[0;32m  OK  [0m] Stopped Permit User Sessions.
[[0;32m  OK  [0m] Stopped target Network.
         Stopping Network Name Resolution...
[[0;32m  OK  [0m] Stopped target User and Group Name Lookups.
[[0;32m  OK  [0m] Stopped LSB: Record successful boot for GRUB.
[[0;32m  OK  [0m] Stopped LSB: automatic crash report generation.
[[0;32m  OK  [0m] Stopped target Basic System.
[[0;32m  OK  [0m] Stopped target Sockets.
[[0;32m  OK  [0m] Closed UUID daemon activation socket.
[[0;32m  OK  [0m] Closed Syslog Socket.
[[0;32m  OK  [0m] Closed D-Bus System Message Bus Socket.
[[0;32m  OK  [0m] Closed LXD - unix socket.
[[0;32m  OK  [0m] Closed Open-iSCSI iscsid Socket.
[[0;32m  OK  [0m] Closed Socket activation for snappy daemon.
[[0;32m  OK  [0m] Closed ACPID Listen Socket.
[[0;32m  OK  [0m] Stopped target Slices.
[[0;32m  OK  [0m] Removed slice User and Session Slice.
[[0;32m  OK  [0m] Stopped target Paths.
[[0;32m  OK  [0m] Stopped ACPI Events Check.
[[0;32m  OK  [0m] Stopped target System Initialization.
         Stopping Update UTMP about System Boot/Shutdown...
[[0;32m  OK  [0m] Stopped Initial cloud-init job (metadata service crawler).
[[0;32m  OK  [0m] Stopped target Local Encrypted Volumes.
[[0;32m  OK  [0m] Stopped Dispatch Password Requests to Console Directory Watch.
[[0;32m  OK  [0m] Stopped Forward Password Requests to Wall Directory Watch.
         Stopping Load/Save Random Seed...
[[0;32m  OK  [0m] Stopped target Remote File Systems.
[[0;32m  OK  [0m] Stopped target Remote File Systems (Pre).
[[0;32m  OK  [0m] Stopped Network Name Resolution.
[[0;32m  OK  [0m] Stopped Load/Save Random Seed.
         Stopping Network Service...
[[0;32m  OK  [0m] Stopped Update UTMP about System Boot/Shutdown.
[[0;32m  OK  [0m] Stopped Network Service.
[[0;32m  OK  [0m] Stopped target Network (Pre).
[[0;32m  OK  [0m] Stopped Initial cloud-init job (pre-networking).
[[0;32m  OK  [0m] Stopped Apply Kernel Variables.
[[0;32m  OK  [0m] Stopped Load Kernel Modules.
[[0;32m  OK  [0m] Stopped Create Volatile Files and Directories.
[[0;32m  OK  [0m] Stopped target Local File Systems.
         Unmounting /run/user/1000...
[[0;32m  OK  [0m] Unmounted /run/user/1000.
[[0;32m  OK  [0m] Reached target Unmount All Filesystems.
[[0;32m  OK  [0m] Stopped target Local File Systems (Pre).
         Stopping Monitoring of LVM2 mirrorsâ€¦ng dmeventd or progress polling...
[[0;32m  OK  [0m] Stopped Remount Root and Kernel File Systems.
[[0;32m  OK  [0m] Stopped Create Static Device Nodes in /dev.
[[0;32m  OK  [0m] Stopped target Swap.
[[0;32m  OK  [0m] Reached target Shutdown.
[[0;32m  OK  [0m] Reached target Final Step.
         Starting Power-Off...
[[0;32m  OK  [0m] Stopped Monitoring of LVM2 mirrors,â€¦sing dmeventd or progress polling.
         Stopping LVM2 metadata daemon...
[[0;32m  OK  [0m] Stopped LVM2 metadata daemon.
[14354.453703] reboot: Power down